EXTI_program.c:22:6:MEXTI_voidConfigureLineTrigger	16	static
EXTI_program.c:40:6:MEXTI_voidEnableInterrupt	16	static
EXTI_program.c:46:6:MEXTI_voidEnableEvent	16	static
EXTI_program.c:52:6:MEXTI_voidDisableInterrupt	16	static
EXTI_program.c:58:6:MEXTI_voidDisableEvent	16	static
EXTI_program.c:64:6:MEXTI_voidSetSoftwareTrigger	16	static
EXTI_program.c:70:6:MEXTI_voidSetCallBack	16	static
EXTI_program.c:77:4:MEXTI_u8GetPendingFlag	16	static
EXTI_program.c:83:6:MEXT_voidClearPendingFlag	16	static
EXTI_program.c:90:6:EXTI0_IRQHandler	8	static
EXTI_program.c:96:6:EXTI1_IRQHandler	8	static
EXTI_program.c:102:6:EXTI2_IRQHandler	8	static
EXTI_program.c:108:6:EXTI3_IRQHandler	8	static
EXTI_program.c:114:6:EXTI4_IRQHandler	8	static
EXTI_program.c:120:6:EXTI9_5_IRQHandler	8	static
EXTI_program.c:153:6:EXTI10_15IRQHandler	8	static
EXTI_program.c:188:6:PVD_IRQHandler	8	static
EXTI_program.c:197:6:RTCAlarm_IRQHandler	8	static
EXTI_program.c:206:6:USBWakeUp_IRQHandler	8	static
