ADC_program.c:22:6:MADC_voidInit	16	static
ADC_program.c:34:6:MADC_voidConfigureRegularChannels	32	static
ADC_program.c:48:6:MADC_voidStartRegularConversions	16	static
ADC_program.c:57:6:MADC_voidStopRegularConversions	16	static
ADC_program.c:66:6:MADC_voidConfigureDiscontinuous	16	static
ADC_program.c:74:6:MADC_voidEnableRegularDiscontinuous	16	static
ADC_program.c:80:6:MADC_voidDisableRegularDiscontinuous	16	static
ADC_program.c:87:6:MADC_voidSetChannelSampleTime	24	static
ADC_program.c:95:6:MADC_voidConfigureRegularTrigger	16	static
ADC_program.c:104:5:MADC_u16ReadChannel	16	static
ADC_program.c:121:5:MADC_u16GetRegularData	16	static
ADC_program.c:128:6:MADC_voidEnableRegularTrigger	16	static
ADC_program.c:135:6:MADC_voidDisableRegularTrigger	16	static
ADC_program.c:142:6:MADC_voidConfigureAnalogWatchDog	16	static
ADC_program.c:150:6:MADC_voidSetAnalogWatchDogSingleChannel	16	static
ADC_program.c:158:6:MADC_voidSetAnalogWatchDogLimits	16	static
ADC_program.c:166:6:MADC_voidEnableAnalogWatchDogOnRegular	16	static
ADC_program.c:174:6:MADC_voidDisableAnalogWatchDogOnRegular	16	static
ADC_program.c:183:6:MADC_voidConfigureInjectedChannels	16	static
ADC_program.c:206:6:MADC_voidStartInjectedConversions	16	static
ADC_program.c:215:6:MADC_voidStopInjectedConversions	16	static
ADC_program.c:223:6:MADC_voidConfigureInjectedTrigger	16	static
ADC_program.c:231:6:MADC_voidEnableInjectedTrigger	16	static
ADC_program.c:238:6:MADC_voidDisableInjectedTrigger	16	static
ADC_program.c:245:6:MADC_voidEnableAnalogWatchDogOnInjected	16	static
ADC_program.c:252:6:MADC_voidDisableAnalogWatchDogOnInjected	16	static
ADC_program.c:259:6:MADC_voidEnableInjectedDiscontinuous	16	static
ADC_program.c:266:6:MADC_voidDisableInjectedDiscontinuous	16	static
ADC_program.c:274:6:MADC_voidSetInjectedOffset	16	static
ADC_program.c:281:5:MADC_s16GetInjectedData	16	static
ADC_program.c:288:6:MADC_voidEnableAutoInjected	16	static
ADC_program.c:295:6:MADC_voidDisableAutoInjected	16	static
ADC_program.c:302:15:MADC_u32PtrGetRegularDataAddress	16	static
ADC_program.c:309:15:MADC_u32PtrGetInjectedDataAddress	16	static
ADC_program.c:316:6:MADC_voidEnableDMARequest	16	static
ADC_program.c:323:6:MADC_voidDisableDMARequest	16	static
ADC_program.c:330:6:MADC_voidEnableTemperatureRefInt	16	static
ADC_program.c:337:6:MADC_voidDisableTemperatureRefInt	16	static
ADC_program.c:344:5:MADC_f32GetTemperatureFromReading	32	static
ADC_program.c:352:5:MADC_f32GetInternalVoltage	24	static
ADC_program.c:359:5:MADC_u16Calibrate	16	static
ADC_program.c:369:6:MADC_voidEnableInterrupt	16	static
ADC_program.c:376:6:MADC_voidDisableInterrupt	16	static
ADC_program.c:383:6:MADC_voidSetCallBack	16	static
ADC_program.c:389:6:ADC1_2_IRQHandler	8	static
