AFIO_program.c:20:6:MAFIO_voidSetEXTIConfiguration	16	static
AFIO_program.c:27:6:MAFIO_voidEnableEventOutput	16	static
AFIO_program.c:31:6:MAFIO_voidDisableEventOutput	4	static
AFIO_program.c:35:6:MAFIO_voidSetJTAGConfiguration	16	static
AFIO_program.c:41:6:MAFIO_voidRemapADC2RegularTrigger	16	static
AFIO_program.c:46:6:MAFIO_voidRemapADC2InjectedTrigger	16	static
AFIO_program.c:51:6:MAFIO_voidRemapADC1RegularTrigger	16	static
AFIO_program.c:56:6:MAFIO_voidRemapADC1InjectedTrigger	16	static
AFIO_program.c:61:6:MAFIO_RemapPD01	16	static
AFIO_program.c:66:6:MAFIO_voidRemapCAN	16	static
AFIO_program.c:71:6:MAFIO_voidRemapTIM4	16	static
AFIO_program.c:76:6:MAFIO_voidRemapTIM3	16	static
AFIO_program.c:81:6:MAFIO_voidRemapTIM2	16	static
AFIO_program.c:87:6:MAFIO_voidRemapTIM1	16	static
AFIO_program.c:93:6:MAFIO_voidRemapUSART3	16	static
AFIO_program.c:99:6:MAFIO_voidRemapUSART2	16	static
AFIO_program.c:105:6:MAFIO_voidRemapUSART1	16	static
AFIO_program.c:111:6:MAFIO_voidRemapI2C1	16	static
AFIO_program.c:117:6:MAFIO_voidRemapSPI1	16	static
AFIO_program.c:123:6:MAFIO_voidRemapFSMC	16	static
AFIO_program.c:128:6:MAFIO_voidRemapTIM14	16	static
AFIO_program.c:133:6:MAFIO_voidRemapTIM13	16	static
AFIO_program.c:138:6:MAFIO_voidRemapTIM11	16	static
AFIO_program.c:143:6:MAFIO_voidRemapTIM10	16	static
AFIO_program.c:147:6:MAFIO_voidRemapTIM9	16	static
