Archive member included to satisfy reference by file (symbol)

c:/program files (x86)/atollic/truestudio for stm32 9.3.0/armtools/bin/../lib/gcc/arm-atollic-eabi/6.3.1/../../../../arm-atollic-eabi/lib/armv7-m\libc_nano.a(lib_a-init.o)
                              src\startup_stm32f10x_md.o (__libc_init_array)
c:/program files (x86)/atollic/truestudio for stm32 9.3.0/armtools/bin/../lib/gcc/arm-atollic-eabi/6.3.1/../../../../arm-atollic-eabi/lib/armv7-m\libc_nano.a(lib_a-strlen.o)
                              src\tiny_printf.o (strlen)
c:/program files (x86)/atollic/truestudio for stm32 9.3.0/armtools/bin/../lib/gcc/arm-atollic-eabi/6.3.1/armv7-m\libgcc.a(_arm_addsubdf3.o)
                              Drivers\2- MCAL\ST\08- ADC\ADC_program.o (__aeabi_dsub)
c:/program files (x86)/atollic/truestudio for stm32 9.3.0/armtools/bin/../lib/gcc/arm-atollic-eabi/6.3.1/armv7-m\libgcc.a(_arm_muldivdf3.o)
                              Drivers\2- MCAL\ST\08- ADC\ADC_program.o (__aeabi_dmul)
c:/program files (x86)/atollic/truestudio for stm32 9.3.0/armtools/bin/../lib/gcc/arm-atollic-eabi/6.3.1/armv7-m\libgcc.a(_arm_truncdfsf2.o)
                              Drivers\2- MCAL\ST\08- ADC\ADC_program.o (__aeabi_d2f)
c:/program files (x86)/atollic/truestudio for stm32 9.3.0/armtools/bin/../lib/gcc/arm-atollic-eabi/6.3.1/../../../../arm-atollic-eabi/lib/armv7-m\libnosys.a(write.o)
                              src\tiny_printf.o (_write)
c:/program files (x86)/atollic/truestudio for stm32 9.3.0/armtools/bin/../lib/gcc/arm-atollic-eabi/6.3.1/../../../../arm-atollic-eabi/lib/armv7-m\libnosys.a(errno.o)
                              c:/program files (x86)/atollic/truestudio for stm32 9.3.0/armtools/bin/../lib/gcc/arm-atollic-eabi/6.3.1/../../../../arm-atollic-eabi/lib/armv7-m\libnosys.a(write.o) (errno)

Allocating common symbols
Common symbol       size              file

PDMA_CallBacks      0x54              Drivers\2- MCAL\ST\09- DMA\DMA_program.o
errno               0x4               c:/program files (x86)/atollic/truestudio for stm32 9.3.0/armtools/bin/../lib/gcc/arm-atollic-eabi/6.3.1/../../../../arm-atollic-eabi/lib/armv7-m\libnosys.a(errno.o)
ADCSInterruptHandlers
                    0x18              Drivers\2- MCAL\ST\08- ADC\ADC_program.o
PEXTI_CallBacks     0x4c              Drivers\2- MCAL\ST\07- EXTI\EXTI_program.o

Discarded input sections

 .text          0x00000000        0x0 c:/program files (x86)/atollic/truestudio for stm32 9.3.0/armtools/bin/../lib/gcc/arm-atollic-eabi/6.3.1/armv7-m/crti.o
 .data          0x00000000        0x0 c:/program files (x86)/atollic/truestudio for stm32 9.3.0/armtools/bin/../lib/gcc/arm-atollic-eabi/6.3.1/armv7-m/crti.o
 .bss           0x00000000        0x0 c:/program files (x86)/atollic/truestudio for stm32 9.3.0/armtools/bin/../lib/gcc/arm-atollic-eabi/6.3.1/armv7-m/crti.o
 .data          0x00000000        0x4 c:/program files (x86)/atollic/truestudio for stm32 9.3.0/armtools/bin/../lib/gcc/arm-atollic-eabi/6.3.1/armv7-m/crtbegin.o
 .text          0x00000000        0x0 Drivers\2- MCAL\ARM _CORTEX_M3\01- NVIC\NVIC_program.o
 .data          0x00000000        0x0 Drivers\2- MCAL\ARM _CORTEX_M3\01- NVIC\NVIC_program.o
 .bss           0x00000000        0x0 Drivers\2- MCAL\ARM _CORTEX_M3\01- NVIC\NVIC_program.o
 .bss.PNVIC_GroupingConfig
                0x00000000        0x1 Drivers\2- MCAL\ARM _CORTEX_M3\01- NVIC\NVIC_program.o
 .text.MNVIC_voidEnableInterrupt
                0x00000000       0x3c Drivers\2- MCAL\ARM _CORTEX_M3\01- NVIC\NVIC_program.o
 .text.MNVIC_voidDisableInterrupt
                0x00000000       0x40 Drivers\2- MCAL\ARM _CORTEX_M3\01- NVIC\NVIC_program.o
 .text.MNVIC_voidSetPendingFlag
                0x00000000       0x40 Drivers\2- MCAL\ARM _CORTEX_M3\01- NVIC\NVIC_program.o
 .text.MNVIC_voidClearPendingFlag
                0x00000000       0x40 Drivers\2- MCAL\ARM _CORTEX_M3\01- NVIC\NVIC_program.o
 .text.MNVIC_u8GetPendingFlag
                0x00000000       0x44 Drivers\2- MCAL\ARM _CORTEX_M3\01- NVIC\NVIC_program.o
 .text.MNVIC_u8GetActiveFlag
                0x00000000       0x44 Drivers\2- MCAL\ARM _CORTEX_M3\01- NVIC\NVIC_program.o
 .text.MNVIC_voidSetInterruptPriority
                0x00000000       0x9c Drivers\2- MCAL\ARM _CORTEX_M3\01- NVIC\NVIC_program.o
 .text.MNVIC_voidInit
                0x00000000       0x20 Drivers\2- MCAL\ARM _CORTEX_M3\01- NVIC\NVIC_program.o
 .debug_info    0x00000000      0x59b Drivers\2- MCAL\ARM _CORTEX_M3\01- NVIC\NVIC_program.o
 .debug_abbrev  0x00000000      0x130 Drivers\2- MCAL\ARM _CORTEX_M3\01- NVIC\NVIC_program.o
 .debug_aranges
                0x00000000       0x58 Drivers\2- MCAL\ARM _CORTEX_M3\01- NVIC\NVIC_program.o
 .debug_ranges  0x00000000       0x48 Drivers\2- MCAL\ARM _CORTEX_M3\01- NVIC\NVIC_program.o
 .debug_line    0x00000000      0x165 Drivers\2- MCAL\ARM _CORTEX_M3\01- NVIC\NVIC_program.o
 .debug_str     0x00000000      0xab1 Drivers\2- MCAL\ARM _CORTEX_M3\01- NVIC\NVIC_program.o
[...]
Memory Configuration

Name             Origin             Length             Attributes
FLASH            0x08000000         0x00010000         xr
RAM              0x20000000         0x00005000         xrw
MEMORY_B1        0x60000000         0x00000000         xr
*default*        0x00000000         0xffffffff

Linker script and memory map

LOAD c:/program files (x86)/atollic/truestudio for stm32 9.3.0/armtools/bin/../lib/gcc/arm-atollic-eabi/6.3.1/armv7-m/crti.o
LOAD c:/program files (x86)/atollic/truestudio for stm32 9.3.0/armtools/bin/../lib/gcc/arm-atollic-eabi/6.3.1/armv7-m/crtbegin.o
LOAD Drivers\2- MCAL\ARM _CORTEX_M3\01- NVIC\NVIC_program.o
LOAD Drivers\2- MCAL\ARM _CORTEX_M3\02- SCB\SCB_program.o
LOAD Drivers\2- MCAL\ARM _CORTEX_M3\03- STK\STK_program.o
LOAD Drivers\2- MCAL\ST\01- CRC\CRC_program.o
LOAD Drivers\2- MCAL\ST\02- PWR\PWR_program.o
LOAD Drivers\2- MCAL\ST\03- BKP\BKP_program.o
LOAD Drivers\2- MCAL\ST\04- RCC\RCC_program.o
LOAD Drivers\2- MCAL\ST\05- GPIO\GPIO_program.o
LOAD Drivers\2- MCAL\ST\06- AFIO\AFIO_program.o
LOAD Drivers\2- MCAL\ST\07- EXTI\EXTI_program.o
LOAD Drivers\2- MCAL\ST\08- ADC\ADC_program.o
LOAD Drivers\2- MCAL\ST\09- DMA\DMA_program.o
LOAD Drivers\2- MCAL\ST\10- ADVANCED TIMERS (1,8)\ADVANCED_TIMERS_program.o
LOAD Drivers\3- HAL\01- SevenSegment\SevenSegment_program.o
LOAD Drivers\3- HAL\02- KeyPad\Keypad_program.o
LOAD Drivers\3- HAL\03- Char LCD\LCD_program.o
LOAD Libraries\STM32F10x_StdPeriph_Driver\src\misc.o
LOAD Libraries\STM32F10x_StdPeriph_Driver\src\stm32f10x_adc.o
LOAD Libraries\STM32F10x_StdPeriph_Driver\src\stm32f10x_bkp.o
LOAD Libraries\STM32F10x_StdPeriph_Driver\src\stm32f10x_can.o
LOAD Libraries\STM32F10x_StdPeriph_Driver\src\stm32f10x_cec.o
LOAD Libraries\STM32F10x_StdPeriph_Driver\src\stm32f10x_crc.o
LOAD Libraries\STM32F10x_StdPeriph_Driver\src\stm32f10x_dac.o
LOAD Libraries\STM32F10x_StdPeriph_Driver\src\stm32f10x_dbgmcu.o
LOAD Libraries\STM32F10x_StdPeriph_Driver\src\stm32f10x_dma.o
LOAD Libraries\STM32F10x_StdPeriph_Driver\src\stm32f10x_exti.o
LOAD Libraries\STM32F10x_StdPeriph_Driver\src\stm32f10x_flash.o
LOAD Libraries\STM32F10x_StdPeriph_Driver\src\stm32f10x_fsmc.o
LOAD Libraries\STM32F10x_StdPeriph_Driver\src\stm32f10x_gpio.o
LOAD Libraries\STM32F10x_StdPeriph_Driver\src\stm32f10x_i2c.o
LOAD Libraries\STM32F10x_StdPeriph_Driver\src\stm32f10x_iwdg.o
LOAD Libraries\STM32F10x_StdPeriph_Driver\src\stm32f10x_pwr.o
LOAD Libraries\STM32F10x_StdPeriph_Driver\src\stm32f10x_rcc.o
LOAD Libraries\STM32F10x_StdPeriph_Driver\src\stm32f10x_rtc.o
LOAD Libraries\STM32F10x_StdPeriph_Driver\src\stm32f10x_sdio.o
LOAD Libraries\STM32F10x_StdPeriph_Driver\src\stm32f10x_spi.o
LOAD Libraries\STM32F10x_StdPeriph_Driver\src\stm32f10x_tim.o
LOAD Libraries\STM32F10x_StdPeriph_Driver\src\stm32f10x_usart.o
LOAD Libraries\STM32F10x_StdPeriph_Driver\src\stm32f10x_wwdg.o
LOAD src\main.o
LOAD src\startup_stm32f10x_md.o
LOAD src\stm32f1xx_it.o
LOAD src\system_stm32f10x.o
LOAD src\tiny_printf.o
                0x00000080                malloc_getpagesize_P = 0x80
START GROUP
LOAD c:/program files (x86)/atollic/truestudio for stm32 9.3.0/armtools/bin/../lib/gcc/arm-atollic-eabi/6.3.1/../../../../arm-atollic-eabi/lib/armv7-m\libc_nano.a
LOAD c:/program files (x86)/atollic/truestudio for stm32 9.3.0/armtools/bin/../lib/gcc/arm-atollic-eabi/6.3.1/../../../../arm-atollic-eabi/lib/armv7-m\libm.a
END GROUP
START GROUP
LOAD c:/program files (x86)/atollic/truestudio for stm32 9.3.0/armtools/bin/../lib/gcc/arm-atollic-eabi/6.3.1/armv7-m\libgcc.a
LOAD c:/program files (x86)/atollic/truestudio for stm32 9.3.0/armtools/bin/../lib/gcc/arm-atollic-eabi/6.3.1/../../../../arm-atollic-eabi/lib/armv7-m\libc_nano.a
END GROUP
START GROUP
LOAD c:/program files (x86)/atollic/truestudio for stm32 9.3.0/armtools/bin/../lib/gcc/arm-atollic-eabi/6.3.1/armv7-m\libgcc.a
LOAD c:/program files (x86)/atollic/truestudio for stm32 9.3.0/armtools/bin/../lib/gcc/arm-atollic-eabi/6.3.1/../../../../arm-atollic-eabi/lib/armv7-m\libc_nano.a
LOAD c:/program files (x86)/atollic/truestudio for stm32 9.3.0/armtools/bin/../lib/gcc/arm-atollic-eabi/6.3.1/../../../../arm-atollic-eabi/lib/armv7-m\libnosys.a
END GROUP
START GROUP
LOAD c:/program files (x86)/atollic/truestudio for stm32 9.3.0/armtools/bin/../lib/gcc/arm-atollic-eabi/6.3.1/armv7-m\libgcc.a
LOAD c:/program files (x86)/atollic/truestudio for stm32 9.3.0/armtools/bin/../lib/gcc/arm-atollic-eabi/6.3.1/../../../../arm-atollic-eabi/lib/armv7-m\libc_nano.a
LOAD c:/program files (x86)/atollic/truestudio for stm32 9.3.0/armtools/bin/../lib/gcc/arm-atollic-eabi/6.3.1/../../../../arm-atollic-eabi/lib/armv7-m\libnosys.a
END GROUP
LOAD c:/program files (x86)/atollic/truestudio for stm32 9.3.0/armtools/bin/../lib/gcc/arm-atollic-eabi/6.3.1/armv7-m/crtend.o
LOAD c:/program files (x86)/atollic/truestudio for stm32 9.3.0/armtools/bin/../lib/gcc/arm-atollic-eabi/6.3.1/armv7-m/crtn.o
                0x20005000                _estack = 0x20005000
                0x00000000                _Min_Heap_Size = 0x0
                0x00000100                _Min_Stack_Size = 0x100

.isr_vector     0x08000000      0x10c
                0x08000000                . = ALIGN (0x4)
 *(.isr_vector)
 .isr_vector    0x08000000      0x10c src\startup_stm32f10x_md.o
                0x08000000                g_pfnVectors
                0x0800010c                . = ALIGN (0x4)

.text           0x0800010c      0xb54
                0x0800010c                . = ALIGN (0x4)
 *(.text)
 .text          0x0800010c       0x40 c:/program files (x86)/atollic/truestudio for stm32 9.3.0/armtools/bin/../lib/gcc/arm-atollic-eabi/6.3.1/armv7-m/crtbegin.o
 *(.text*)
 .text.SysTick_Handler
                0x0800014c       0x3c Drivers\2- MCAL\ARM _CORTEX_M3\03- STK\STK_program.o
                0x0800014c                SysTick_Handler
 .text.TAMPER_IRQHandler
                0x08000188       0x2c Drivers\2- MCAL\ST\03- BKP\BKP_program.o
                0x08000188                TAMPER_IRQHandler
 .text.MRCC_voidInitClock
                0x080001b4       0xbc Drivers\2- MCAL\ST\04- RCC\RCC_program.o
                0x080001b4                MRCC_voidInitClock
 .text.RCC_IRQHandler
                0x08000270       0xd0 Drivers\2- MCAL\ST\04- RCC\RCC_program.o
                0x08000270                RCC_IRQHandler
 .text.EXTI0_IRQHandler
                0x08000340       0x2c Drivers\2- MCAL\ST\07- EXTI\EXTI_program.o
                0x08000340                EXTI0_IRQHandler
 .text.EXTI1_IRQHandler
                0x0800036c       0x2c Drivers\2- MCAL\ST\07- EXTI\EXTI_program.o
                0x0800036c                EXTI1_IRQHandler
 .text.EXTI2_IRQHandler
                0x08000398       0x2c Drivers\2- MCAL\ST\07- EXTI\EXTI_program.o
                0x08000398                EXTI2_IRQHandler
 .text.EXTI3_IRQHandler
                0x080003c4       0x2c Drivers\2- MCAL\ST\07- EXTI\EXTI_program.o
                0x080003c4                EXTI3_IRQHandler
 .text.EXTI4_IRQHandler
                0x080003f0       0x2c Drivers\2- MCAL\ST\07- EXTI\EXTI_program.o
                0x080003f0                EXTI4_IRQHandler
 .text.EXTI9_5_IRQHandler
                0x0800041c       0xd0 Drivers\2- MCAL\ST\07- EXTI\EXTI_program.o
                0x0800041c                EXTI9_5_IRQHandler
 .text.PVD_IRQHandler
                0x080004ec       0x38 Drivers\2- MCAL\ST\07- EXTI\EXTI_program.o
                0x080004ec                PVD_IRQHandler
 .text.RTCAlarm_IRQHandler
                0x08000524       0x38 Drivers\2- MCAL\ST\07- EXTI\EXTI_program.o
                0x08000524                RTCAlarm_IRQHandler
 .text.USBWakeUp_IRQHandler
                0x0800055c       0x38 Drivers\2- MCAL\ST\07- EXTI\EXTI_program.o
                0x0800055c                USBWakeUp_IRQHandler
 .text.ADC1_2_IRQHandler
                0x08000594      0x118 Drivers\2- MCAL\ST\08- ADC\ADC_program.o
                0x08000594                ADC1_2_IRQHandler
 .text.DMA1_Channel1_IRQHandler
                0x080006ac       0x70 Drivers\2- MCAL\ST\09- DMA\DMA_program.o
                0x080006ac                DMA1_Channel1_IRQHandler
 .text.DMA1_Channel2_IRQHandler
                0x0800071c       0x70 Drivers\2- MCAL\ST\09- DMA\DMA_program.o
                0x0800071c                DMA1_Channel2_IRQHandler
 .text.DMA1_Channel3_IRQHandler
                0x0800078c       0x78 Drivers\2- MCAL\ST\09- DMA\DMA_program.o
                0x0800078c                DMA1_Channel3_IRQHandler
 .text.DMA1_Channel4_IRQHandler
                0x08000804       0x78 Drivers\2- MCAL\ST\09- DMA\DMA_program.o
                0x08000804                DMA1_Channel4_IRQHandler
 .text.DMA1_Channel5_IRQHandler
                0x0800087c       0x78 Drivers\2- MCAL\ST\09- DMA\DMA_program.o
                0x0800087c                DMA1_Channel5_IRQHandler
 .text.DMA1_Channel6_IRQHandler
                0x080008f4       0x78 Drivers\2- MCAL\ST\09- DMA\DMA_program.o
                0x080008f4                DMA1_Channel6_IRQHandler
 .text.DMA1_Channel7_IRQHandler
                0x0800096c       0x78 Drivers\2- MCAL\ST\09- DMA\DMA_program.o
                0x0800096c                DMA1_Channel7_IRQHandler
 .text.main     0x080009e4        0xa src\main.o
                0x080009e4                main
 *fill*         0x080009ee        0x2 
 .text.Reset_Handler
                0x080009f0       0x50 src\startup_stm32f10x_md.o
                0x080009f0                Reset_Handler
 .text.Default_Handler
                0x08000a40        0x2 src\startup_stm32f10x_md.o
                0x08000a40                TIM1_CC_IRQHandler
                0x08000a40                I2C2_EV_IRQHandler
                0x08000a40                SPI1_IRQHandler
                0x08000a40                USART3_IRQHandler
                0x08000a40                RTC_IRQHandler
                0x08000a40                CAN1_RX1_IRQHandler
                0x08000a40                TIM4_IRQHandler
                0x08000a40                I2C1_EV_IRQHandler
                0x08000a40                TIM3_IRQHandler
                0x08000a40                TIM1_TRG_COM_IRQHandler
                0x08000a40                Default_Handler
                0x08000a40                EXTI15_10_IRQHandler
                0x08000a40                SPI2_IRQHandler
                0x08000a40                USB_LP_CAN1_RX0_IRQHandler
                0x08000a40                USB_HP_CAN1_TX_IRQHandler
                0x08000a40                TIM1_UP_IRQHandler
                0x08000a40                WWDG_IRQHandler
                0x08000a40                TIM2_IRQHandler
                0x08000a40                TIM1_BRK_IRQHandler
                0x08000a40                USART2_IRQHandler
                0x08000a40                I2C2_ER_IRQHandler
                0x08000a40                CAN1_SCE_IRQHandler
                0x08000a40                FLASH_IRQHandler
                0x08000a40                USART1_IRQHandler
                0x08000a40                I2C1_ER_IRQHandler
 .text.NMI_Handler
                0x08000a42        0xc src\stm32f1xx_it.o
                0x08000a42                NMI_Handler
 .text.HardFault_Handler
                0x08000a4e        0x6 src\stm32f1xx_it.o
                0x08000a4e                HardFault_Handler
 .text.MemManage_Handler
                0x08000a54        0x6 src\stm32f1xx_it.o
                0x08000a54                MemManage_Handler
 .text.BusFault_Handler
                0x08000a5a        0x6 src\stm32f1xx_it.o
                0x08000a5a                BusFault_Handler
 .text.UsageFault_Handler
                0x08000a60        0x6 src\stm32f1xx_it.o
                0x08000a60                UsageFault_Handler
 .text.SVC_Handler
                0x08000a66        0xc src\stm32f1xx_it.o
                0x08000a66                SVC_Handler
 .text.DebugMon_Handler
                0x08000a72        0xc src\stm32f1xx_it.o
                0x08000a72                DebugMon_Handler
 .text.PendSV_Handler
                0x08000a7e        0xc src\stm32f1xx_it.o
                0x08000a7e                PendSV_Handler
 *fill*         0x08000a8a        0x2 
 .text.SystemInit
                0x08000a8c       0x68 src\system_stm32f10x.o
                0x08000a8c                SystemInit
 .text.SetSysClock
                0x08000af4        0xc src\system_stm32f10x.o
 .text.SetSysClockTo72
                0x08000b00      0x100 src\system_stm32f10x.o
 .text.__libc_init_array
                0x08000c00       0x48 c:/program files (x86)/atollic/truestudio for stm32 9.3.0/armtools/bin/../lib/gcc/arm-atollic-eabi/6.3.1/../../../../arm-atollic-eabi/lib/armv7-m\libc_nano.a(lib_a-init.o)
                0x08000c00                __libc_init_array
 *(.glue_7)
 .glue_7        0x08000c48        0x0 linker stubs
 *(.glue_7t)
 .glue_7t       0x08000c48        0x0 linker stubs
 *(.eh_frame)
 .eh_frame      0x08000c48        0x0 c:/program files (x86)/atollic/truestudio for stm32 9.3.0/armtools/bin/../lib/gcc/arm-atollic-eabi/6.3.1/armv7-m/crtbegin.o
 *(.init)
 .init          0x08000c48        0x4 c:/program files (x86)/atollic/truestudio for stm32 9.3.0/armtools/bin/../lib/gcc/arm-atollic-eabi/6.3.1/armv7-m/crti.o
                0x08000c48                _init
 .init          0x08000c4c        0x8 c:/program files (x86)/atollic/truestudio for stm32 9.3.0/armtools/bin/../lib/gcc/arm-atollic-eabi/6.3.1/armv7-m/crtn.o
 *(.fini)
 .fini          0x08000c54        0x4 c:/program files (x86)/atollic/truestudio for stm32 9.3.0/armtools/bin/../lib/gcc/arm-atollic-eabi/6.3.1/armv7-m/crti.o
                0x08000c54                _fini
 .fini          0x08000c58        0x8 c:/program files (x86)/atollic/truestudio for stm32 9.3.0/armtools/bin/../lib/gcc/arm-atollic-eabi/6.3.1/armv7-m/crtn.o
                0x08000c60                . = ALIGN (0x4)
                0x08000c60                _etext = .

.vfp11_veneer   0x08000c60        0x0
 .vfp11_veneer  0x08000c60        0x0 linker stubs

.v4_bx          0x08000c60        0x0
 .v4_bx         0x08000c60        0x0 linker stubs

.iplt           0x08000c60        0x0
 .iplt          0x08000c60        0x0 c:/program files (x86)/atollic/truestudio for stm32 9.3.0/armtools/bin/../lib/gcc/arm-atollic-eabi/6.3.1/armv7-m/crtbegin.o

.rel.dyn        0x08000c60        0x0
 .rel.iplt      0x08000c60        0x0 c:/program files (x86)/atollic/truestudio for stm32 9.3.0/armtools/bin/../lib/gcc/arm-atollic-eabi/6.3.1/armv7-m/crtbegin.o

.rodata         0x08000c60        0x0
                0x08000c60                . = ALIGN (0x4)
 *(.rodata)
 *(.rodata*)
                0x08000c60                . = ALIGN (0x4)

.ARM.extab
 *(.ARM.extab* .gnu.linkonce.armextab.*)

.ARM            0x08000c60        0x0
                0x08000c60                __exidx_start = .
 *(.ARM.exidx*)
                0x08000c60                __exidx_end = .

.preinit_array  0x08000c60        0x0
                0x08000c60                PROVIDE (__preinit_array_start, .)
 *(.preinit_array*)
                0x08000c60                PROVIDE (__preinit_array_end, .)

.init_array     0x08000c60        0x4
                0x08000c60                PROVIDE (__init_array_start, .)
 *(SORT(.init_array.*))
 *(.init_array*)
 .init_array    0x08000c60        0x4 c:/program files (x86)/atollic/truestudio for stm32 9.3.0/armtools/bin/../lib/gcc/arm-atollic-eabi/6.3.1/armv7-m/crtbegin.o
                0x08000c64                PROVIDE (__init_array_end, .)

.fini_array     0x08000c64        0x4
                [!provide]                PROVIDE (__fini_array_start, .)
 *(SORT(.fini_array.*))
 *(.fini_array*)
 .fini_array    0x08000c64        0x4 c:/program files (x86)/atollic/truestudio for stm32 9.3.0/armtools/bin/../lib/gcc/arm-atollic-eabi/6.3.1/armv7-m/crtbegin.o
                [!provide]                PROVIDE (__fini_array_end, .)
                0x08000c68                _sidata = LOADADDR (.data)

.data           0x20000000        0x8 load address 0x08000c68
                0x20000000                . = ALIGN (0x4)
                0x20000000                _sdata = .
 *(.data)
 *(.data*)
 .data.ADCS     0x20000000        0x8 Drivers\2- MCAL\ST\08- ADC\ADC_program.o
                0x20000000                ADCS
                0x20000008                . = ALIGN (0x4)
                0x20000008                _edata = .

.igot.plt       0x20000008        0x0 load address 0x08000c70
 .igot.plt      0x20000008        0x0 c:/program files (x86)/atollic/truestudio for stm32 9.3.0/armtools/bin/../lib/gcc/arm-atollic-eabi/6.3.1/armv7-m/crtbegin.o
                0x20000008                . = ALIGN (0x4)

.bss            0x20000008       0xf4 load address 0x08000c70
                0x20000008                _sbss = .
                0x20000008                __bss_start__ = _sbss
 *(.bss)
 .bss           0x20000008       0x1c c:/program files (x86)/atollic/truestudio for stm32 9.3.0/armtools/bin/../lib/gcc/arm-atollic-eabi/6.3.1/armv7-m/crtbegin.o
 *(.bss*)
 .bss.PSTK_u8SingleInterruptFlag
                0x20000024        0x1 Drivers\2- MCAL\ARM _CORTEX_M3\03- STK\STK_program.o
                0x20000024                PSTK_u8SingleInterruptFlag
 *fill*         0x20000025        0x3 
 .bss.PSTK_voidUnderFlowCallBack
                0x20000028        0x4 Drivers\2- MCAL\ARM _CORTEX_M3\03- STK\STK_program.o
                0x20000028                PSTK_voidUnderFlowCallBack
 .bss.PBKP_voidCallBack
                0x2000002c        0x4 Drivers\2- MCAL\ST\03- BKP\BKP_program.o
                0x2000002c                PBKP_voidCallBack
 .bss.PRCC_voidCallBacks
                0x20000030       0x14 Drivers\2- MCAL\ST\04- RCC\RCC_program.o
                0x20000030                PRCC_voidCallBacks
 *(COMMON)
 COMMON         0x20000044       0x4c Drivers\2- MCAL\ST\07- EXTI\EXTI_program.o
                0x20000044                PEXTI_CallBacks
 COMMON         0x20000090       0x18 Drivers\2- MCAL\ST\08- ADC\ADC_program.o
                0x20000090                ADCSInterruptHandlers
 COMMON         0x200000a8       0x54 Drivers\2- MCAL\ST\09- DMA\DMA_program.o
                0x200000a8                PDMA_CallBacks
                0x200000fc                . = ALIGN (0x4)
                0x200000fc                _ebss = .
                0x200000fc                __bss_end__ = _ebss

._user_heap_stack
                0x200000fc      0x100 load address 0x08000c70
                0x200000fc                . = ALIGN (0x4)
                [!provide]                PROVIDE (end, .)
                [!provide]                PROVIDE (_end, .)
                0x200000fc                . = (. + _Min_Heap_Size)
                0x200001fc                . = (. + _Min_Stack_Size)
 *fill*         0x200000fc      0x100 
                0x200001fc                . = ALIGN (0x4)

.memory_b1_text
 *(.mb1text)
 *(.mb1text*)
 *(.mb1rodata)
 *(.mb1rodata*)

/DISCARD/
 libc.a(*)
 libm.a(*)
 libgcc.a(*)

.ARM.attributes
                0x00000000       0x29
 *(.ARM.attributes)
 .ARM.attributes
                0x00000000       0x1d c:/program files (x86)/atollic/truestudio for stm32 9.3.0/armtools/bin/../lib/gcc/arm-atollic-eabi/6.3.1/armv7-m/crti.o
 .ARM.attributes
                0x0000001d       0x2d c:/program files (x86)/atollic/truestudio for stm32 9.3.0/armtools/bin/../lib/gcc/arm-atollic-eabi/6.3.1/armv7-m/crtbegin.o
 .ARM.attributes
                0x0000004a       0x33 Drivers\2- MCAL\ARM _CORTEX_M3\03- STK\STK_program.o
 .ARM.attributes
                0x0000007d       0x33 Drivers\2- MCAL\ST\03- BKP\BKP_program.o
 .ARM.attributes
                0x000000b0       0x33 Drivers\2- MCAL\ST\04- RCC\RCC_program.o
 .ARM.attributes
                0x000000e3       0x33 Drivers\2- MCAL\ST\07- EXTI\EXTI_program.o
 .ARM.attributes
                0x00000116       0x33 Drivers\2- MCAL\ST\08- ADC\ADC_program.o
 .ARM.attributes
                0x00000149       0x33 Drivers\2- MCAL\ST\09- DMA\DMA_program.o
 .ARM.attributes
                0x0000017c       0x33 src\main.o
 .ARM.attributes
                0x000001af       0x21 src\startup_stm32f10x_md.o
 .ARM.attributes
                0x000001d0       0x33 src\stm32f1xx_it.o
 .ARM.attributes
                0x00000203       0x33 src\system_stm32f10x.o
 .ARM.attributes
                0x00000236       0x2d c:/program files (x86)/atollic/truestudio for stm32 9.3.0/armtools/bin/../lib/gcc/arm-atollic-eabi/6.3.1/../../../../arm-atollic-eabi/lib/armv7-m\libc_nano.a(lib_a-init.o)
 .ARM.attributes
                0x00000263       0x1d c:/program files (x86)/atollic/truestudio for stm32 9.3.0/armtools/bin/../lib/gcc/arm-atollic-eabi/6.3.1/armv7-m/crtn.o
OUTPUT(LinkingTest.elf elf32-littlearm)

.debug_info     0x00000000     0x274a
 .debug_info    0x00000000      0x23b Drivers\2- MCAL\ARM _CORTEX_M3\03- STK\STK_program.o
 .debug_info    0x0000023b      0x332 Drivers\2- MCAL\ST\03- BKP\BKP_program.o
 .debug_info    0x0000056d      0x590 Drivers\2- MCAL\ST\04- RCC\RCC_program.o
 .debug_info    0x00000afd      0x3ce Drivers\2- MCAL\ST\07- EXTI\EXTI_program.o
 .debug_info    0x00000ecb      0xc3d Drivers\2- MCAL\ST\08- ADC\ADC_program.o
 .debug_info    0x00001b08      0x543 Drivers\2- MCAL\ST\09- DMA\DMA_program.o
 .debug_info    0x0000204b       0x88 src\main.o
 .debug_info    0x000020d3       0x8d src\startup_stm32f10x_md.o
 .debug_info    0x00002160      0x143 src\stm32f1xx_it.o
 .debug_info    0x000022a3      0x4a7 src\system_stm32f10x.o

.debug_abbrev   0x00000000      0xa38
 .debug_abbrev  0x00000000      0x12f Drivers\2- MCAL\ARM _CORTEX_M3\03- STK\STK_program.o
 .debug_abbrev  0x0000012f      0x15d Drivers\2- MCAL\ST\03- BKP\BKP_program.o
 .debug_abbrev  0x0000028c      0x156 Drivers\2- MCAL\ST\04- RCC\RCC_program.o
 .debug_abbrev  0x000003e2      0x12b Drivers\2- MCAL\ST\07- EXTI\EXTI_program.o
 .debug_abbrev  0x0000050d      0x1d1 Drivers\2- MCAL\ST\08- ADC\ADC_program.o
 .debug_abbrev  0x000006de      0x11e Drivers\2- MCAL\ST\09- DMA\DMA_program.o
 .debug_abbrev  0x000007fc       0x44 src\main.o
 .debug_abbrev  0x00000840       0x12 src\startup_stm32f10x_md.o
 .debug_abbrev  0x00000852       0x78 src\stm32f1xx_it.o
 .debug_abbrev  0x000008ca      0x16e src\system_stm32f10x.o

.debug_aranges  0x00000000      0x518
 .debug_aranges
                0x00000000       0x60 Drivers\2- MCAL\ARM _CORTEX_M3\03- STK\STK_program.o
 .debug_aranges
                0x00000060       0x98 Drivers\2- MCAL\ST\03- BKP\BKP_program.o
 .debug_aranges
                0x000000f8       0x88 Drivers\2- MCAL\ST\04- RCC\RCC_program.o
 .debug_aranges
                0x00000180       0xb0 Drivers\2- MCAL\ST\07- EXTI\EXTI_program.o
 .debug_aranges
                0x00000230      0x180 Drivers\2- MCAL\ST\08- ADC\ADC_program.o
 .debug_aranges
                0x000003b0       0x90 Drivers\2- MCAL\ST\09- DMA\DMA_program.o
 .debug_aranges
                0x00000440       0x20 src\main.o
 .debug_aranges
                0x00000460       0x28 src\startup_stm32f10x_md.o
 .debug_aranges
                0x00000488       0x58 src\stm32f1xx_it.o
 .debug_aranges
                0x000004e0       0x38 src\system_stm32f10x.o

.debug_ranges   0x00000000      0x480
 .debug_ranges  0x00000000       0x50 Drivers\2- MCAL\ARM _CORTEX_M3\03- STK\STK_program.o
 .debug_ranges  0x00000050       0x88 Drivers\2- MCAL\ST\03- BKP\BKP_program.o
 .debug_ranges  0x000000d8       0x78 Drivers\2- MCAL\ST\04- RCC\RCC_program.o
 .debug_ranges  0x00000150       0xa0 Drivers\2- MCAL\ST\07- EXTI\EXTI_program.o
 .debug_ranges  0x000001f0      0x170 Drivers\2- MCAL\ST\08- ADC\ADC_program.o
 .debug_ranges  0x00000360       0x80 Drivers\2- MCAL\ST\09- DMA\DMA_program.o
 .debug_ranges  0x000003e0       0x10 src\main.o
 .debug_ranges  0x000003f0       0x20 src\startup_stm32f10x_md.o
 .debug_ranges  0x00000410       0x48 src\stm32f1xx_it.o
 .debug_ranges  0x00000458       0x28 src\system_stm32f10x.o

.debug_line     0x00000000     0x1510
 .debug_line    0x00000000      0x17e Drivers\2- MCAL\ARM _CORTEX_M3\03- STK\STK_program.o
 .debug_line    0x0000017e      0x1df Drivers\2- MCAL\ST\03- BKP\BKP_program.o
 .debug_line    0x0000035d      0x2b0 Drivers\2- MCAL\ST\04- RCC\RCC_program.o
 .debug_line    0x0000060d      0x26b Drivers\2- MCAL\ST\07- EXTI\EXTI_program.o
 .debug_line    0x00000878      0x52c Drivers\2- MCAL\ST\08- ADC\ADC_program.o
 .debug_line    0x00000da4      0x246 Drivers\2- MCAL\ST\09- DMA\DMA_program.o
 .debug_line    0x00000fea       0x41 src\main.o
 .debug_line    0x0000102b       0x7c src\startup_stm32f10x_md.o
 .debug_line    0x000010a7      0x21f src\stm32f1xx_it.o
 .debug_line    0x000012c6      0x24a src\system_stm32f10x.o

.debug_str      0x00000000     0x225c
 .debug_str     0x00000000      0x328 Drivers\2- MCAL\ARM _CORTEX_M3\03- STK\STK_program.o
                                0x351 (size before relaxing)
 .debug_str     0x00000328      0x36a Drivers\2- MCAL\ST\03- BKP\BKP_program.o
                                0x4df (size before relaxing)
 .debug_str     0x00000692      0x64a Drivers\2- MCAL\ST\04- RCC\RCC_program.o
                                0x7c9 (size before relaxing)
 .debug_str     0x00000cdc      0x35b Drivers\2- MCAL\ST\07- EXTI\EXTI_program.o
                                0x4d8 (size before relaxing)
 .debug_str     0x00001037      0xb3d Drivers\2- MCAL\ST\08- ADC\ADC_program.o
                                0xcf4 (size before relaxing)
 .debug_str     0x00001b74      0x4dd Drivers\2- MCAL\ST\09- DMA\DMA_program.o
                                0x675 (size before relaxing)
 .debug_str     0x00002051       0x13 src\main.o
                                0x17f (size before relaxing)
 .debug_str     0x00002064       0xc8 src\stm32f1xx_it.o
                                0x255 (size before relaxing)
 .debug_str     0x0000212c      0x130 src\system_stm32f10x.o
                                0x341 (size before relaxing)

.comment        0x00000000       0x7c
 .comment       0x00000000       0x7c Drivers\2- MCAL\ARM _CORTEX_M3\03- STK\STK_program.o
                                 0x7d (size before relaxing)
 .comment       0x0000007c       0x7d Drivers\2- MCAL\ST\03- BKP\BKP_program.o
 .comment       0x0000007c       0x7d Drivers\2- MCAL\ST\04- RCC\RCC_program.o
 .comment       0x0000007c       0x7d Drivers\2- MCAL\ST\07- EXTI\EXTI_program.o
 .comment       0x0000007c       0x7d Drivers\2- MCAL\ST\08- ADC\ADC_program.o
 .comment       0x0000007c       0x7d Drivers\2- MCAL\ST\09- DMA\DMA_program.o
 .comment       0x0000007c       0x7d src\main.o
 .comment       0x0000007c       0x7d src\stm32f1xx_it.o
 .comment       0x0000007c       0x7d src\system_stm32f10x.o

.debug_frame    0x00000000     0x134c
 .debug_frame   0x00000000      0x14c Drivers\2- MCAL\ARM _CORTEX_M3\03- STK\STK_program.o
 .debug_frame   0x0000014c      0x234 Drivers\2- MCAL\ST\03- BKP\BKP_program.o
 .debug_frame   0x00000380      0x220 Drivers\2- MCAL\ST\04- RCC\RCC_program.o
 .debug_frame   0x000005a0      0x290 Drivers\2- MCAL\ST\07- EXTI\EXTI_program.o
 .debug_frame   0x00000830      0x71c Drivers\2- MCAL\ST\08- ADC\ADC_program.o
 .debug_frame   0x00000f4c      0x220 Drivers\2- MCAL\ST\09- DMA\DMA_program.o
 .debug_frame   0x0000116c       0x2c src\main.o
 .debug_frame   0x00001198       0xf0 src\stm32f1xx_it.o
 .debug_frame   0x00001288       0x98 src\system_stm32f10x.o
 .debug_frame   0x00001320       0x2c c:/program files (x86)/atollic/truestudio for stm32 9.3.0/armtools/bin/../lib/gcc/arm-atollic-eabi/6.3.1/../../../../arm-atollic-eabi/lib/armv7-m\libc_nano.a(lib_a-init.o)

.stabstr        0x00000000       0x3f
 .stabstr       0x00000000       0x3f c:/program files (x86)/atollic/truestudio for stm32 9.3.0/armtools/bin/../lib/gcc/arm-atollic-eabi/6.3.1/../../../../arm-atollic-eabi/lib/armv7-m\libnosys.a(write.o)

Cross Reference Table

Symbol                                            File
ADC1_2_IRQHandler                                 Drivers\2- MCAL\ST\08- ADC\ADC_program.o
ADCS                                              Drivers\2- MCAL\ST\08- ADC\ADC_program.o
ADCSInterruptHandlers                             Drivers\2- MCAL\ST\08- ADC\ADC_program.o
ADC_AnalogWatchdogCmd                             Libraries\STM32F10x_StdPeriph_Driver\src\stm32f10x_adc.o
ADC_AnalogWatchdogSingleChannelConfig             Libraries\STM32F10x_StdPeriph_Driver\src\stm32f10x_adc.o
ADC_AnalogWatchdogThresholdsConfig                Libraries\STM32F10x_StdPeriph_Driver\src\stm32f10x_adc.o
ADC_AutoInjectedConvCmd                           Libraries\STM32F10x_StdPeriph_Driver\src\stm32f10x_adc.o
ADC_ClearFlag                                     Libraries\STM32F10x_StdPeriph_Driver\src\stm32f10x_adc.o
ADC_ClearITPendingBit                             Libraries\STM32F10x_StdPeriph_Driver\src\stm32f10x_adc.o
ADC_Cmd                                           Libraries\STM32F10x_StdPeriph_Driver\src\stm32f10x_adc.o
ADC_DMACmd                                        Libraries\STM32F10x_StdPeriph_Driver\src\stm32f10x_adc.o
ADC_DeInit                                        Libraries\STM32F10x_StdPeriph_Driver\src\stm32f10x_adc.o
ADC_DiscModeChannelCountConfig                    Libraries\STM32F10x_StdPeriph_Driver\src\stm32f10x_adc.o
ADC_DiscModeCmd                                   Libraries\STM32F10x_StdPeriph_Driver\src\stm32f10x_adc.o
ADC_ExternalTrigConvCmd                           Libraries\STM32F10x_StdPeriph_Driver\src\stm32f10x_adc.o
ADC_ExternalTrigInjectedConvCmd                   Libraries\STM32F10x_StdPeriph_Driver\src\stm32f10x_adc.o
ADC_ExternalTrigInjectedConvConfig                Libraries\STM32F10x_StdPeriph_Driver\src\stm32f10x_adc.o
ADC_GetCalibrationStatus                          Libraries\STM32F10x_StdPeriph_Driver\src\stm32f10x_adc.o
ADC_GetConversionValue                            Libraries\STM32F10x_StdPeriph_Driver\src\stm32f10x_adc.o
ADC_GetDualModeConversionValue                    Libraries\STM32F10x_StdPeriph_Driver\src\stm32f10x_adc.o
ADC_GetFlagStatus                                 Libraries\STM32F10x_StdPeriph_Driver\src\stm32f10x_adc.o
ADC_GetITStatus                                   Libraries\STM32F10x_StdPeriph_Driver\src\stm32f10x_adc.o
ADC_GetInjectedConversionValue                    Libraries\STM32F10x_StdPeriph_Driver\src\stm32f10x_adc.o
ADC_GetResetCalibrationStatus                     Libraries\STM32F10x_StdPeriph_Driver\src\stm32f10x_adc.o
ADC_GetSoftwareStartConvStatus                    Libraries\STM32F10x_StdPeriph_Driver\src\stm32f10x_adc.o
ADC_GetSoftwareStartInjectedConvCmdStatus         Libraries\STM32F10x_StdPeriph_Driver\src\stm32f10x_adc.o
ADC_ITConfig                                      Libraries\STM32F10x_StdPeriph_Driver\src\stm32f10x_adc.o
ADC_Init                                          Libraries\STM32F10x_StdPeriph_Driver\src\stm32f10x_adc.o
ADC_InjectedChannelConfig                         Libraries\STM32F10x_StdPeriph_Driver\src\stm32f10x_adc.o
ADC_InjectedDiscModeCmd                           Libraries\STM32F10x_StdPeriph_Driver\src\stm32f10x_adc.o
ADC_InjectedSequencerLengthConfig                 Libraries\STM32F10x_StdPeriph_Driver\src\stm32f10x_adc.o
ADC_RegularChannelConfig                          Libraries\STM32F10x_StdPeriph_Driver\src\stm32f10x_adc.o
ADC_ResetCalibration                              Libraries\STM32F10x_StdPeriph_Driver\src\stm32f10x_adc.o
ADC_SetInjectedOffset                             Libraries\STM32F10x_StdPeriph_Driver\src\stm32f10x_adc.o
ADC_SoftwareStartConvCmd                          Libraries\STM32F10x_StdPeriph_Driver\src\stm32f10x_adc.o
ADC_SoftwareStartInjectedConvCmd                  Libraries\STM32F10x_StdPeriph_Driver\src\stm32f10x_adc.o
ADC_StartCalibration                              Libraries\STM32F10x_StdPeriph_Driver\src\stm32f10x_adc.o
ADC_StructInit                                    Libraries\STM32F10x_StdPeriph_Driver\src\stm32f10x_adc.o
ADC_TempSensorVrefintCmd                          Libraries\STM32F10x_StdPeriph_Driver\src\stm32f10x_adc.o
AHBPrescTable                                     src\system_stm32f10x.o
BKP_ClearFlag                                     Libraries\STM32F10x_StdPeriph_Driver\src\stm32f10x_bkp.o
BKP_ClearITPendingBit                             Libraries\STM32F10x_StdPeriph_Driver\src\stm32f10x_bkp.o
BKP_DeInit                                        Libraries\STM32F10x_StdPeriph_Driver\src\stm32f10x_bkp.o
BKP_GetFlagStatus                                 Libraries\STM32F10x_StdPeriph_Driver\src\stm32f10x_bkp.o
BKP_GetITStatus                                   Libraries\STM32F10x_StdPeriph_Driver\src\stm32f10x_bkp.o
BKP_ITConfig                                      Libraries\STM32F10x_StdPeriph_Driver\src\stm32f10x_bkp.o
BKP_RTCOutputConfig                               Libraries\STM32F10x_StdPeriph_Driver\src\stm32f10x_bkp.o
BKP_ReadBackupRegister                            Libraries\STM32F10x_StdPeriph_Driver\src\stm32f10x_bkp.o
BKP_SetRTCCalibrationValue                        Libraries\STM32F10x_StdPeriph_Driver\src\stm32f10x_bkp.o
BKP_TamperPinCmd                                  Libraries\STM32F10x_StdPeriph_Driver\src\stm32f10x_bkp.o
BKP_TamperPinLevelConfig                          Libraries\STM32F10x_StdPeriph_Driver\src\stm32f10x_bkp.o
BKP_WriteBackupRegister                           Libraries\STM32F10x_StdPeriph_Driver\src\stm32f10x_bkp.o
BusFault_Handler                                  src\stm32f1xx_it.o
                                                  src\startup_stm32f10x_md.o
CAN1_RX1_IRQHandler                               src\startup_stm32f10x_md.o
CAN1_SCE_IRQHandler                               src\startup_stm32f10x_md.o
CAN_CancelTransmit                                Libraries\STM32F10x_StdPeriph_Driver\src\stm32f10x_can.o
CAN_ClearFlag                                     Libraries\STM32F10x_StdPeriph_Driver\src\stm32f10x_can.o
CAN_ClearITPendingBit                             Libraries\STM32F10x_StdPeriph_Driver\src\stm32f10x_can.o
CAN_DBGFreeze                                     Libraries\STM32F10x_StdPeriph_Driver\src\stm32f10x_can.o
CAN_DeInit                                        Libraries\STM32F10x_StdPeriph_Driver\src\stm32f10x_can.o
CAN_FIFORelease                                   Libraries\STM32F10x_StdPeriph_Driver\src\stm32f10x_can.o
CAN_FilterInit                                    Libraries\STM32F10x_StdPeriph_Driver\src\stm32f10x_can.o
CAN_GetFlagStatus                                 Libraries\STM32F10x_StdPeriph_Driver\src\stm32f10x_can.o
CAN_GetITStatus                                   Libraries\STM32F10x_StdPeriph_Driver\src\stm32f10x_can.o
CAN_GetLSBTransmitErrorCounter                    Libraries\STM32F10x_StdPeriph_Driver\src\stm32f10x_can.o
CAN_GetLastErrorCode                              Libraries\STM32F10x_StdPeriph_Driver\src\stm32f10x_can.o
CAN_GetReceiveErrorCounter                        Libraries\STM32F10x_StdPeriph_Driver\src\stm32f10x_can.o
CAN_ITConfig                                      Libraries\STM32F10x_StdPeriph_Driver\src\stm32f10x_can.o
CAN_Init                                          Libraries\STM32F10x_StdPeriph_Driver\src\stm32f10x_can.o
CAN_MessagePending                                Libraries\STM32F10x_StdPeriph_Driver\src\stm32f10x_can.o
CAN_OperatingModeRequest                          Libraries\STM32F10x_StdPeriph_Driver\src\stm32f10x_can.o
CAN_Receive                                       Libraries\STM32F10x_StdPeriph_Driver\src\stm32f10x_can.o
CAN_SlaveStartBank                                Libraries\STM32F10x_StdPeriph_Driver\src\stm32f10x_can.o
CAN_Sleep                                         Libraries\STM32F10x_StdPeriph_Driver\src\stm32f10x_can.o
CAN_StructInit                                    Libraries\STM32F10x_StdPeriph_Driver\src\stm32f10x_can.o
CAN_TTComModeCmd                                  Libraries\STM32F10x_StdPeriph_Driver\src\stm32f10x_can.o
CAN_Transmit                                      Libraries\STM32F10x_StdPeriph_Driver\src\stm32f10x_can.o
CAN_TransmitStatus                                Libraries\STM32F10x_StdPeriph_Driver\src\stm32f10x_can.o
CAN_WakeUp                                        Libraries\STM32F10x_StdPeriph_Driver\src\stm32f10x_can.o
CEC_ClearFlag                                     Libraries\STM32F10x_StdPeriph_Driver\src\stm32f10x_cec.o
CEC_ClearITPendingBit                             Libraries\STM32F10x_StdPeriph_Driver\src\stm32f10x_cec.o
CEC_Cmd                                           Libraries\STM32F10x_StdPeriph_Driver\src\stm32f10x_cec.o
CEC_DeInit                                        Libraries\STM32F10x_StdPeriph_Driver\src\stm32f10x_cec.o
CEC_EndOfMessageCmd                               Libraries\STM32F10x_StdPeriph_Driver\src\stm32f10x_cec.o
CEC_GetFlagStatus                                 Libraries\STM32F10x_StdPeriph_Driver\src\stm32f10x_cec.o
CEC_GetITStatus                                   Libraries\STM32F10x_StdPeriph_Driver\src\stm32f10x_cec.o
CEC_ITConfig                                      Libraries\STM32F10x_StdPeriph_Driver\src\stm32f10x_cec.o
CEC_Init                                          Libraries\STM32F10x_StdPeriph_Driver\src\stm32f10x_cec.o
CEC_OwnAddressConfig                              Libraries\STM32F10x_StdPeriph_Driver\src\stm32f10x_cec.o
CEC_ReceiveDataByte                               Libraries\STM32F10x_StdPeriph_Driver\src\stm32f10x_cec.o
CEC_SendDataByte                                  Libraries\STM32F10x_StdPeriph_Driver\src\stm32f10x_cec.o
CEC_SetPrescaler                                  Libraries\STM32F10x_StdPeriph_Driver\src\stm32f10x_cec.o
CEC_StartOfMessage                                Libraries\STM32F10x_StdPeriph_Driver\src\stm32f10x_cec.o
CRC_CalcBlockCRC                                  Libraries\STM32F10x_StdPeriph_Driver\src\stm32f10x_crc.o
CRC_CalcCRC                                       Libraries\STM32F10x_StdPeriph_Driver\src\stm32f10x_crc.o
CRC_GetCRC                                        Libraries\STM32F10x_StdPeriph_Driver\src\stm32f10x_crc.o
CRC_GetIDRegister                                 Libraries\STM32F10x_StdPeriph_Driver\src\stm32f10x_crc.o
CRC_ResetDR                                       Libraries\STM32F10x_StdPeriph_Driver\src\stm32f10x_crc.o
CRC_SetIDRegister                                 Libraries\STM32F10x_StdPeriph_Driver\src\stm32f10x_crc.o
DAC_Cmd                                           Libraries\STM32F10x_StdPeriph_Driver\src\stm32f10x_dac.o
DAC_DMACmd                                        Libraries\STM32F10x_StdPeriph_Driver\src\stm32f10x_dac.o
DAC_DeInit                                        Libraries\STM32F10x_StdPeriph_Driver\src\stm32f10x_dac.o
DAC_DualSoftwareTriggerCmd                        Libraries\STM32F10x_StdPeriph_Driver\src\stm32f10x_dac.o
DAC_GetDataOutputValue                            Libraries\STM32F10x_StdPeriph_Driver\src\stm32f10x_dac.o
DAC_Init                                          Libraries\STM32F10x_StdPeriph_Driver\src\stm32f10x_dac.o
DAC_SetChannel1Data                               Libraries\STM32F10x_StdPeriph_Driver\src\stm32f10x_dac.o
DAC_SetChannel2Data                               Libraries\STM32F10x_StdPeriph_Driver\src\stm32f10x_dac.o
DAC_SetDualChannelData                            Libraries\STM32F10x_StdPeriph_Driver\src\stm32f10x_dac.o
DAC_SoftwareTriggerCmd                            Libraries\STM32F10x_StdPeriph_Driver\src\stm32f10x_dac.o
DAC_StructInit                                    Libraries\STM32F10x_StdPeriph_Driver\src\stm32f10x_dac.o
DAC_WaveGenerationCmd                             Libraries\STM32F10x_StdPeriph_Driver\src\stm32f10x_dac.o
DBGMCU_Config                                     Libraries\STM32F10x_StdPeriph_Driver\src\stm32f10x_dbgmcu.o
DBGMCU_GetDEVID                                   Libraries\STM32F10x_StdPeriph_Driver\src\stm32f10x_dbgmcu.o
DBGMCU_GetREVID                                   Libraries\STM32F10x_StdPeriph_Driver\src\stm32f10x_dbgmcu.o
DMA1_Channel1_IRQHandler                          Drivers\2- MCAL\ST\09- DMA\DMA_program.o
DMA1_Channel2_IRQHandler                          Drivers\2- MCAL\ST\09- DMA\DMA_program.o
DMA1_Channel3_IRQHandler                          Drivers\2- MCAL\ST\09- DMA\DMA_program.o
DMA1_Channel4_IRQHandler                          Drivers\2- MCAL\ST\09- DMA\DMA_program.o
DMA1_Channel5_IRQHandler                          Drivers\2- MCAL\ST\09- DMA\DMA_program.o
DMA1_Channel6_IRQHandler                          Drivers\2- MCAL\ST\09- DMA\DMA_program.o
DMA1_Channel7_IRQHandler                          Drivers\2- MCAL\ST\09- DMA\DMA_program.o
DMA_ClearFlag                                     Libraries\STM32F10x_StdPeriph_Driver\src\stm32f10x_dma.o
DMA_ClearITPendingBit                             Libraries\STM32F10x_StdPeriph_Driver\src\stm32f10x_dma.o
DMA_Cmd                                           Libraries\STM32F10x_StdPeriph_Driver\src\stm32f10x_dma.o
DMA_DeInit                                        Libraries\STM32F10x_StdPeriph_Driver\src\stm32f10x_dma.o
DMA_GetCurrDataCounter                            Libraries\STM32F10x_StdPeriph_Driver\src\stm32f10x_dma.o
DMA_GetFlagStatus                                 Libraries\STM32F10x_StdPeriph_Driver\src\stm32f10x_dma.o
DMA_GetITStatus                                   Libraries\STM32F10x_StdPeriph_Driver\src\stm32f10x_dma.o
DMA_ITConfig                                      Libraries\STM32F10x_StdPeriph_Driver\src\stm32f10x_dma.o
DMA_Init                                          Libraries\STM32F10x_StdPeriph_Driver\src\stm32f10x_dma.o
DMA_SetCurrDataCounter                            Libraries\STM32F10x_StdPeriph_Driver\src\stm32f10x_dma.o
DMA_StructInit                                    Libraries\STM32F10x_StdPeriph_Driver\src\stm32f10x_dma.o
DebugMon_Handler                                  src\stm32f1xx_it.o
                                                  src\startup_stm32f10x_md.o
Default_Handler                                   src\startup_stm32f10x_md.o
EXTI0_IRQHandler                                  Drivers\2- MCAL\ST\07- EXTI\EXTI_program.o
EXTI10_15IRQHandler                               Drivers\2- MCAL\ST\07- EXTI\EXTI_program.o
EXTI15_10_IRQHandler                              src\startup_stm32f10x_md.o
EXTI1_IRQHandler                                  Drivers\2- MCAL\ST\07- EXTI\EXTI_program.o
EXTI2_IRQHandler                                  Drivers\2- MCAL\ST\07- EXTI\EXTI_program.o
EXTI3_IRQHandler                                  Drivers\2- MCAL\ST\07- EXTI\EXTI_program.o
EXTI4_IRQHandler                                  Drivers\2- MCAL\ST\07- EXTI\EXTI_program.o
EXTI9_5_IRQHandler                                Drivers\2- MCAL\ST\07- EXTI\EXTI_program.o
EXTI_ClearFlag                                    Libraries\STM32F10x_StdPeriph_Driver\src\stm32f10x_exti.o
EXTI_ClearITPendingBit                            Libraries\STM32F10x_StdPeriph_Driver\src\stm32f10x_exti.o
EXTI_DeInit                                       Libraries\STM32F10x_StdPeriph_Driver\src\stm32f10x_exti.o
EXTI_GenerateSWInterrupt                          Libraries\STM32F10x_StdPeriph_Driver\src\stm32f10x_exti.o
EXTI_GetFlagStatus                                Libraries\STM32F10x_StdPeriph_Driver\src\stm32f10x_exti.o
EXTI_GetITStatus                                  Libraries\STM32F10x_StdPeriph_Driver\src\stm32f10x_exti.o
EXTI_Init                                         Libraries\STM32F10x_StdPeriph_Driver\src\stm32f10x_exti.o
EXTI_StructInit                                   Libraries\STM32F10x_StdPeriph_Driver\src\stm32f10x_exti.o
FLASH_ClearFlag                                   Libraries\STM32F10x_StdPeriph_Driver\src\stm32f10x_flash.o
FLASH_EnableWriteProtection                       Libraries\STM32F10x_StdPeriph_Driver\src\stm32f10x_flash.o
FLASH_EraseAllBank1Pages                          Libraries\STM32F10x_StdPeriph_Driver\src\stm32f10x_flash.o
FLASH_EraseAllPages                               Libraries\STM32F10x_StdPeriph_Driver\src\stm32f10x_flash.o
FLASH_EraseOptionBytes                            Libraries\STM32F10x_StdPeriph_Driver\src\stm32f10x_flash.o
FLASH_ErasePage                                   Libraries\STM32F10x_StdPeriph_Driver\src\stm32f10x_flash.o
FLASH_GetBank1Status                              Libraries\STM32F10x_StdPeriph_Driver\src\stm32f10x_flash.o
FLASH_GetFlagStatus                               Libraries\STM32F10x_StdPeriph_Driver\src\stm32f10x_flash.o
FLASH_GetPrefetchBufferStatus                     Libraries\STM32F10x_StdPeriph_Driver\src\stm32f10x_flash.o
FLASH_GetReadOutProtectionStatus                  Libraries\STM32F10x_StdPeriph_Driver\src\stm32f10x_flash.o
FLASH_GetStatus                                   Libraries\STM32F10x_StdPeriph_Driver\src\stm32f10x_flash.o
FLASH_GetUserOptionByte                           Libraries\STM32F10x_StdPeriph_Driver\src\stm32f10x_flash.o
FLASH_GetWriteProtectionOptionByte                Libraries\STM32F10x_StdPeriph_Driver\src\stm32f10x_flash.o
FLASH_HalfCycleAccessCmd                          Libraries\STM32F10x_StdPeriph_Driver\src\stm32f10x_flash.o
FLASH_IRQHandler                                  src\startup_stm32f10x_md.o
FLASH_ITConfig                                    Libraries\STM32F10x_StdPeriph_Driver\src\stm32f10x_flash.o
FLASH_Lock                                        Libraries\STM32F10x_StdPeriph_Driver\src\stm32f10x_flash.o
FLASH_LockBank1                                   Libraries\STM32F10x_StdPeriph_Driver\src\stm32f10x_flash.o
FLASH_PrefetchBufferCmd                           Libraries\STM32F10x_StdPeriph_Driver\src\stm32f10x_flash.o
FLASH_ProgramHalfWord                             Libraries\STM32F10x_StdPeriph_Driver\src\stm32f10x_flash.o
FLASH_ProgramOptionByteData                       Libraries\STM32F10x_StdPeriph_Driver\src\stm32f10x_flash.o
FLASH_ProgramWord                                 Libraries\STM32F10x_StdPeriph_Driver\src\stm32f10x_flash.o
FLASH_ReadOutProtection                           Libraries\STM32F10x_StdPeriph_Driver\src\stm32f10x_flash.o
FLASH_SetLatency                                  Libraries\STM32F10x_StdPeriph_Driver\src\stm32f10x_flash.o
FLASH_Unlock                                      Libraries\STM32F10x_StdPeriph_Driver\src\stm32f10x_flash.o
FLASH_UnlockBank1                                 Libraries\STM32F10x_StdPeriph_Driver\src\stm32f10x_flash.o
FLASH_UserOptionByteConfig                        Libraries\STM32F10x_StdPeriph_Driver\src\stm32f10x_flash.o
FLASH_WaitForLastBank1Operation                   Libraries\STM32F10x_StdPeriph_Driver\src\stm32f10x_flash.o
FLASH_WaitForLastOperation                        Libraries\STM32F10x_StdPeriph_Driver\src\stm32f10x_flash.o
FSMC_ClearFlag                                    Libraries\STM32F10x_StdPeriph_Driver\src\stm32f10x_fsmc.o
FSMC_ClearITPendingBit                            Libraries\STM32F10x_StdPeriph_Driver\src\stm32f10x_fsmc.o
FSMC_GetECC                                       Libraries\STM32F10x_StdPeriph_Driver\src\stm32f10x_fsmc.o
FSMC_GetFlagStatus                                Libraries\STM32F10x_StdPeriph_Driver\src\stm32f10x_fsmc.o
FSMC_GetITStatus                                  Libraries\STM32F10x_StdPeriph_Driver\src\stm32f10x_fsmc.o
FSMC_ITConfig                                     Libraries\STM32F10x_StdPeriph_Driver\src\stm32f10x_fsmc.o
FSMC_NANDCmd                                      Libraries\STM32F10x_StdPeriph_Driver\src\stm32f10x_fsmc.o
FSMC_NANDDeInit                                   Libraries\STM32F10x_StdPeriph_Driver\src\stm32f10x_fsmc.o
FSMC_NANDECCCmd                                   Libraries\STM32F10x_StdPeriph_Driver\src\stm32f10x_fsmc.o
FSMC_NANDInit                                     Libraries\STM32F10x_StdPeriph_Driver\src\stm32f10x_fsmc.o
FSMC_NANDStructInit                               Libraries\STM32F10x_StdPeriph_Driver\src\stm32f10x_fsmc.o
FSMC_NORSRAMCmd                                   Libraries\STM32F10x_StdPeriph_Driver\src\stm32f10x_fsmc.o
FSMC_NORSRAMDeInit                                Libraries\STM32F10x_StdPeriph_Driver\src\stm32f10x_fsmc.o
FSMC_NORSRAMInit                                  Libraries\STM32F10x_StdPeriph_Driver\src\stm32f10x_fsmc.o
FSMC_NORSRAMStructInit                            Libraries\STM32F10x_StdPeriph_Driver\src\stm32f10x_fsmc.o
FSMC_PCCARDCmd                                    Libraries\STM32F10x_StdPeriph_Driver\src\stm32f10x_fsmc.o
FSMC_PCCARDDeInit                                 Libraries\STM32F10x_StdPeriph_Driver\src\stm32f10x_fsmc.o
FSMC_PCCARDInit                                   Libraries\STM32F10x_StdPeriph_Driver\src\stm32f10x_fsmc.o
FSMC_PCCARDStructInit                             Libraries\STM32F10x_StdPeriph_Driver\src\stm32f10x_fsmc.o
GPIO_AFIODeInit                                   Libraries\STM32F10x_StdPeriph_Driver\src\stm32f10x_gpio.o
GPIO_DeInit                                       Libraries\STM32F10x_StdPeriph_Driver\src\stm32f10x_gpio.o
GPIO_ETH_MediaInterfaceConfig                     Libraries\STM32F10x_StdPeriph_Driver\src\stm32f10x_gpio.o
GPIO_EXTILineConfig                               Libraries\STM32F10x_StdPeriph_Driver\src\stm32f10x_gpio.o
GPIO_EventOutputCmd                               Libraries\STM32F10x_StdPeriph_Driver\src\stm32f10x_gpio.o
GPIO_EventOutputConfig                            Libraries\STM32F10x_StdPeriph_Driver\src\stm32f10x_gpio.o
GPIO_Init                                         Libraries\STM32F10x_StdPeriph_Driver\src\stm32f10x_gpio.o
GPIO_PinLockConfig                                Libraries\STM32F10x_StdPeriph_Driver\src\stm32f10x_gpio.o
GPIO_PinRemapConfig                               Libraries\STM32F10x_StdPeriph_Driver\src\stm32f10x_gpio.o
GPIO_REG                                          Drivers\2- MCAL\ST\05- GPIO\GPIO_program.o
GPIO_ReadInputData                                Libraries\STM32F10x_StdPeriph_Driver\src\stm32f10x_gpio.o
GPIO_ReadInputDataBit                             Libraries\STM32F10x_StdPeriph_Driver\src\stm32f10x_gpio.o
GPIO_ReadOutputData                               Libraries\STM32F10x_StdPeriph_Driver\src\stm32f10x_gpio.o
GPIO_ReadOutputDataBit                            Libraries\STM32F10x_StdPeriph_Driver\src\stm32f10x_gpio.o
GPIO_ResetBits                                    Libraries\STM32F10x_StdPeriph_Driver\src\stm32f10x_gpio.o
GPIO_SetBits                                      Libraries\STM32F10x_StdPeriph_Driver\src\stm32f10x_gpio.o
GPIO_StructInit                                   Libraries\STM32F10x_StdPeriph_Driver\src\stm32f10x_gpio.o
GPIO_Write                                        Libraries\STM32F10x_StdPeriph_Driver\src\stm32f10x_gpio.o
GPIO_WriteBit                                     Libraries\STM32F10x_StdPeriph_Driver\src\stm32f10x_gpio.o
HKeypad_u8GetKey                                  Drivers\3- HAL\02- KeyPad\Keypad_program.o
HKeypad_voidInit                                  Drivers\3- HAL\02- KeyPad\Keypad_program.o
HLCD_voidClearScreen                              Drivers\3- HAL\03- Char LCD\LCD_program.o
HLCD_voidGoHome                                   Drivers\3- HAL\03- Char LCD\LCD_program.o
HLCD_voidInit                                     Drivers\3- HAL\03- Char LCD\LCD_program.o
HLCD_voidRotateDisplayLeft                        Drivers\3- HAL\03- Char LCD\LCD_program.o
HLCD_voidRotateDisplayRight                       Drivers\3- HAL\03- Char LCD\LCD_program.o
HLCD_voidSetCursorMode                            Drivers\3- HAL\03- Char LCD\LCD_program.o
HLCD_voidSetPosition                              Drivers\3- HAL\03- Char LCD\LCD_program.o
HLCD_voidWriteArray                               Drivers\3- HAL\03- Char LCD\LCD_program.o
HLCD_voidWriteChar                                Drivers\3- HAL\03- Char LCD\LCD_program.o
HLCD_voidWriteNumber                              Drivers\3- HAL\03- Char LCD\LCD_program.o
HLCD_voidWriteString                              Drivers\3- HAL\03- Char LCD\LCD_program.o
HSEVENSEGMENT_voidDisplay                         Drivers\3- HAL\01- SevenSegment\SevenSegment_program.o
HSEVENSEGMENT_voidInit                            Drivers\3- HAL\01- SevenSegment\SevenSegment_program.o
HSEVENSEGMENT_voidTurnOff                         Drivers\3- HAL\01- SevenSegment\SevenSegment_program.o
HardFault_Handler                                 src\stm32f1xx_it.o
                                                  src\startup_stm32f10x_md.o
I2C1_ER_IRQHandler                                src\startup_stm32f10x_md.o
I2C1_EV_IRQHandler                                src\startup_stm32f10x_md.o
I2C2_ER_IRQHandler                                src\startup_stm32f10x_md.o
I2C2_EV_IRQHandler                                src\startup_stm32f10x_md.o
I2C_ARPCmd                                        Libraries\STM32F10x_StdPeriph_Driver\src\stm32f10x_i2c.o
I2C_AcknowledgeConfig                             Libraries\STM32F10x_StdPeriph_Driver\src\stm32f10x_i2c.o
I2C_CalculatePEC                                  Libraries\STM32F10x_StdPeriph_Driver\src\stm32f10x_i2c.o
I2C_CheckEvent                                    Libraries\STM32F10x_StdPeriph_Driver\src\stm32f10x_i2c.o
I2C_ClearFlag                                     Libraries\STM32F10x_StdPeriph_Driver\src\stm32f10x_i2c.o
I2C_ClearITPendingBit                             Libraries\STM32F10x_StdPeriph_Driver\src\stm32f10x_i2c.o
I2C_Cmd                                           Libraries\STM32F10x_StdPeriph_Driver\src\stm32f10x_i2c.o
I2C_DMACmd                                        Libraries\STM32F10x_StdPeriph_Driver\src\stm32f10x_i2c.o
I2C_DMALastTransferCmd                            Libraries\STM32F10x_StdPeriph_Driver\src\stm32f10x_i2c.o
I2C_DeInit                                        Libraries\STM32F10x_StdPeriph_Driver\src\stm32f10x_i2c.o
I2C_DualAddressCmd                                Libraries\STM32F10x_StdPeriph_Driver\src\stm32f10x_i2c.o
I2C_FastModeDutyCycleConfig                       Libraries\STM32F10x_StdPeriph_Driver\src\stm32f10x_i2c.o
I2C_GeneralCallCmd                                Libraries\STM32F10x_StdPeriph_Driver\src\stm32f10x_i2c.o
I2C_GenerateSTART                                 Libraries\STM32F10x_StdPeriph_Driver\src\stm32f10x_i2c.o
I2C_GenerateSTOP                                  Libraries\STM32F10x_StdPeriph_Driver\src\stm32f10x_i2c.o
I2C_GetFlagStatus                                 Libraries\STM32F10x_StdPeriph_Driver\src\stm32f10x_i2c.o
I2C_GetITStatus                                   Libraries\STM32F10x_StdPeriph_Driver\src\stm32f10x_i2c.o
I2C_GetLastEvent                                  Libraries\STM32F10x_StdPeriph_Driver\src\stm32f10x_i2c.o
I2C_GetPEC                                        Libraries\STM32F10x_StdPeriph_Driver\src\stm32f10x_i2c.o
I2C_ITConfig                                      Libraries\STM32F10x_StdPeriph_Driver\src\stm32f10x_i2c.o
I2C_Init                                          Libraries\STM32F10x_StdPeriph_Driver\src\stm32f10x_i2c.o
I2C_NACKPositionConfig                            Libraries\STM32F10x_StdPeriph_Driver\src\stm32f10x_i2c.o
I2C_OwnAddress2Config                             Libraries\STM32F10x_StdPeriph_Driver\src\stm32f10x_i2c.o
I2C_PECPositionConfig                             Libraries\STM32F10x_StdPeriph_Driver\src\stm32f10x_i2c.o
I2C_ReadRegister                                  Libraries\STM32F10x_StdPeriph_Driver\src\stm32f10x_i2c.o
I2C_ReceiveData                                   Libraries\STM32F10x_StdPeriph_Driver\src\stm32f10x_i2c.o
I2C_SMBusAlertConfig                              Libraries\STM32F10x_StdPeriph_Driver\src\stm32f10x_i2c.o
I2C_Send7bitAddress                               Libraries\STM32F10x_StdPeriph_Driver\src\stm32f10x_i2c.o
I2C_SendData                                      Libraries\STM32F10x_StdPeriph_Driver\src\stm32f10x_i2c.o
I2C_SoftwareResetCmd                              Libraries\STM32F10x_StdPeriph_Driver\src\stm32f10x_i2c.o
I2C_StretchClockCmd                               Libraries\STM32F10x_StdPeriph_Driver\src\stm32f10x_i2c.o
I2C_StructInit                                    Libraries\STM32F10x_StdPeriph_Driver\src\stm32f10x_i2c.o
I2C_TransmitPEC                                   Libraries\STM32F10x_StdPeriph_Driver\src\stm32f10x_i2c.o
I2S_Cmd                                           Libraries\STM32F10x_StdPeriph_Driver\src\stm32f10x_spi.o
I2S_Init                                          Libraries\STM32F10x_StdPeriph_Driver\src\stm32f10x_spi.o
I2S_StructInit                                    Libraries\STM32F10x_StdPeriph_Driver\src\stm32f10x_spi.o
IWDG_Enable                                       Libraries\STM32F10x_StdPeriph_Driver\src\stm32f10x_iwdg.o
IWDG_GetFlagStatus                                Libraries\STM32F10x_StdPeriph_Driver\src\stm32f10x_iwdg.o
IWDG_ReloadCounter                                Libraries\STM32F10x_StdPeriph_Driver\src\stm32f10x_iwdg.o
IWDG_SetPrescaler                                 Libraries\STM32F10x_StdPeriph_Driver\src\stm32f10x_iwdg.o
IWDG_SetReload                                    Libraries\STM32F10x_StdPeriph_Driver\src\stm32f10x_iwdg.o
IWDG_WriteAccessCmd                               Libraries\STM32F10x_StdPeriph_Driver\src\stm32f10x_iwdg.o
MADC_f32GetInternalVoltage                        Drivers\2- MCAL\ST\08- ADC\ADC_program.o
MADC_f32GetTemperatureFromReading                 Drivers\2- MCAL\ST\08- ADC\ADC_program.o
MADC_s16GetInjectedData                           Drivers\2- MCAL\ST\08- ADC\ADC_program.o
MADC_u16Calibrate                                 Drivers\2- MCAL\ST\08- ADC\ADC_program.o
MADC_u16GetRegularData                            Drivers\2- MCAL\ST\08- ADC\ADC_program.o
MADC_u16ReadChannel                               Drivers\2- MCAL\ST\08- ADC\ADC_program.o
MADC_u32PtrGetInjectedDataAddress                 Drivers\2- MCAL\ST\08- ADC\ADC_program.o
MADC_u32PtrGetRegularDataAddress                  Drivers\2- MCAL\ST\08- ADC\ADC_program.o
MADC_voidConfigureAnalogWatchDog                  Drivers\2- MCAL\ST\08- ADC\ADC_program.o
MADC_voidConfigureDiscontinuous                   Drivers\2- MCAL\ST\08- ADC\ADC_program.o
MADC_voidConfigureInjectedChannels                Drivers\2- MCAL\ST\08- ADC\ADC_program.o
MADC_voidConfigureInjectedTrigger                 Drivers\2- MCAL\ST\08- ADC\ADC_program.o
MADC_voidConfigureRegularChannels                 Drivers\2- MCAL\ST\08- ADC\ADC_program.o
MADC_voidConfigureRegularTrigger                  Drivers\2- MCAL\ST\08- ADC\ADC_program.o
MADC_voidDisableAnalogWatchDogOnInjected          Drivers\2- MCAL\ST\08- ADC\ADC_program.o
MADC_voidDisableAnalogWatchDogOnRegular           Drivers\2- MCAL\ST\08- ADC\ADC_program.o
MADC_voidDisableAutoInjected                      Drivers\2- MCAL\ST\08- ADC\ADC_program.o
MADC_voidDisableDMARequest                        Drivers\2- MCAL\ST\08- ADC\ADC_program.o
MADC_voidDisableInjectedDiscontinuous             Drivers\2- MCAL\ST\08- ADC\ADC_program.o
MADC_voidDisableInjectedTrigger                   Drivers\2- MCAL\ST\08- ADC\ADC_program.o
MADC_voidDisableInterrupt                         Drivers\2- MCAL\ST\08- ADC\ADC_program.o
MADC_voidDisableRegularDiscontinuous              Drivers\2- MCAL\ST\08- ADC\ADC_program.o
MADC_voidDisableRegularTrigger                    Drivers\2- MCAL\ST\08- ADC\ADC_program.o
MADC_voidDisableTemperatureRefInt                 Drivers\2- MCAL\ST\08- ADC\ADC_program.o
MADC_voidEnableAnalogWatchDogOnInjected           Drivers\2- MCAL\ST\08- ADC\ADC_program.o
MADC_voidEnableAnalogWatchDogOnRegular            Drivers\2- MCAL\ST\08- ADC\ADC_program.o
MADC_voidEnableAutoInjected                       Drivers\2- MCAL\ST\08- ADC\ADC_program.o
MADC_voidEnableDMARequest                         Drivers\2- MCAL\ST\08- ADC\ADC_program.o
MADC_voidEnableInjectedDiscontinuous              Drivers\2- MCAL\ST\08- ADC\ADC_program.o
MADC_voidEnableInjectedTrigger                    Drivers\2- MCAL\ST\08- ADC\ADC_program.o
MADC_voidEnableInterrupt                          Drivers\2- MCAL\ST\08- ADC\ADC_program.o
MADC_voidEnableRegularDiscontinuous               Drivers\2- MCAL\ST\08- ADC\ADC_program.o
MADC_voidEnableRegularTrigger                     Drivers\2- MCAL\ST\08- ADC\ADC_program.o
MADC_voidEnableTemperatureRefInt                  Drivers\2- MCAL\ST\08- ADC\ADC_program.o
MADC_voidInit                                     Drivers\2- MCAL\ST\08- ADC\ADC_program.o
MADC_voidSetAnalogWatchDogLimits                  Drivers\2- MCAL\ST\08- ADC\ADC_program.o
MADC_voidSetAnalogWatchDogSingleChannel           Drivers\2- MCAL\ST\08- ADC\ADC_program.o
MADC_voidSetCallBack                              Drivers\2- MCAL\ST\08- ADC\ADC_program.o
MADC_voidSetChannelSampleTime                     Drivers\2- MCAL\ST\08- ADC\ADC_program.o
MADC_voidSetInjectedOffset                        Drivers\2- MCAL\ST\08- ADC\ADC_program.o
MADC_voidStartInjectedConversions                 Drivers\2- MCAL\ST\08- ADC\ADC_program.o
MADC_voidStartRegularConversions                  Drivers\2- MCAL\ST\08- ADC\ADC_program.o
MADC_voidStopInjectedConversions                  Drivers\2- MCAL\ST\08- ADC\ADC_program.o
MADC_voidStopRegularConversions                   Drivers\2- MCAL\ST\08- ADC\ADC_program.o
MAFIO_RemapPD01                                   Drivers\2- MCAL\ST\06- AFIO\AFIO_program.o
MAFIO_voidDisableEventOutput                      Drivers\2- MCAL\ST\06- AFIO\AFIO_program.o
MAFIO_voidEnableEventOutput                       Drivers\2- MCAL\ST\06- AFIO\AFIO_program.o
MAFIO_voidRemapADC1InjectedTrigger                Drivers\2- MCAL\ST\06- AFIO\AFIO_program.o
MAFIO_voidRemapADC1RegularTrigger                 Drivers\2- MCAL\ST\06- AFIO\AFIO_program.o
MAFIO_voidRemapADC2InjectedTrigger                Drivers\2- MCAL\ST\06- AFIO\AFIO_program.o
MAFIO_voidRemapADC2RegularTrigger                 Drivers\2- MCAL\ST\06- AFIO\AFIO_program.o
MAFIO_voidRemapCAN                                Drivers\2- MCAL\ST\06- AFIO\AFIO_program.o
MAFIO_voidRemapFSMC                               Drivers\2- MCAL\ST\06- AFIO\AFIO_program.o
MAFIO_voidRemapI2C1                               Drivers\2- MCAL\ST\06- AFIO\AFIO_program.o
MAFIO_voidRemapSPI1                               Drivers\2- MCAL\ST\06- AFIO\AFIO_program.o
MAFIO_voidRemapTIM1                               Drivers\2- MCAL\ST\06- AFIO\AFIO_program.o
MAFIO_voidRemapTIM10                              Drivers\2- MCAL\ST\06- AFIO\AFIO_program.o
MAFIO_voidRemapTIM11                              Drivers\2- MCAL\ST\06- AFIO\AFIO_program.o
MAFIO_voidRemapTIM13                              Drivers\2- MCAL\ST\06- AFIO\AFIO_program.o
MAFIO_voidRemapTIM14                              Drivers\2- MCAL\ST\06- AFIO\AFIO_program.o
MAFIO_voidRemapTIM2                               Drivers\2- MCAL\ST\06- AFIO\AFIO_program.o
MAFIO_voidRemapTIM3                               Drivers\2- MCAL\ST\06- AFIO\AFIO_program.o
MAFIO_voidRemapTIM4                               Drivers\2- MCAL\ST\06- AFIO\AFIO_program.o
MAFIO_voidRemapTIM9                               Drivers\2- MCAL\ST\06- AFIO\AFIO_program.o
MAFIO_voidRemapUSART1                             Drivers\2- MCAL\ST\06- AFIO\AFIO_program.o
MAFIO_voidRemapUSART2                             Drivers\2- MCAL\ST\06- AFIO\AFIO_program.o
MAFIO_voidRemapUSART3                             Drivers\2- MCAL\ST\06- AFIO\AFIO_program.o
MAFIO_voidSetEXTIConfiguration                    Drivers\2- MCAL\ST\06- AFIO\AFIO_program.o
MAFIO_voidSetJTAGConfiguration                    Drivers\2- MCAL\ST\06- AFIO\AFIO_program.o
MBKP_u16Retrieve                                  Drivers\2- MCAL\ST\03- BKP\BKP_program.o
MBKP_u8GetRTCCalibrationValue                     Drivers\2- MCAL\ST\03- BKP\BKP_program.o
MBKP_u8GetTamperEventState                        Drivers\2- MCAL\ST\03- BKP\BKP_program.o
MBKP_u8GetTamperInterruptState                    Drivers\2- MCAL\ST\03- BKP\BKP_program.o
MBKP_voidClearTamperEvent                         Drivers\2- MCAL\ST\03- BKP\BKP_program.o
MBKP_voidClearTamperInterrupt                     Drivers\2- MCAL\ST\03- BKP\BKP_program.o
MBKP_voidDisableTamperInterrupt                   Drivers\2- MCAL\ST\03- BKP\BKP_program.o
MBKP_voidDisableTamperPin                         Drivers\2- MCAL\ST\03- BKP\BKP_program.o
MBKP_voidEnableRTCOutputOnTamperPin               Drivers\2- MCAL\ST\03- BKP\BKP_program.o
MBKP_voidEnableTamperInterrupt                    Drivers\2- MCAL\ST\03- BKP\BKP_program.o
MBKP_voidEnableTamperPin                          Drivers\2- MCAL\ST\03- BKP\BKP_program.o
MBKP_voidSetRTCCalibration                        Drivers\2- MCAL\ST\03- BKP\BKP_program.o
MBKP_voidSetTamperCallBack                        Drivers\2- MCAL\ST\03- BKP\BKP_program.o
MBKP_voidSetTamperConfiguration                   Drivers\2- MCAL\ST\03- BKP\BKP_program.o
MBKP_voidStore                                    Drivers\2- MCAL\ST\03- BKP\BKP_program.o
MCRC_u32CalculateOnWord                           Drivers\2- MCAL\ST\01- CRC\CRC_program.o
MCRC_u32CalculateOnWordArray                      Drivers\2- MCAL\ST\01- CRC\CRC_program.o
MCRC_voidInit                                     Drivers\2- MCAL\ST\01- CRC\CRC_program.o
MDMA_voidConfigureChannel                         Drivers\2- MCAL\ST\09- DMA\DMA_program.o
MDMA_voidConfigureMem                             Drivers\2- MCAL\ST\09- DMA\DMA_program.o
MDMA_voidConfigurePer                             Drivers\2- MCAL\ST\09- DMA\DMA_program.o
MDMA_voidDisableChannel                           Drivers\2- MCAL\ST\09- DMA\DMA_program.o
MDMA_voidDisableInterrupt                         Drivers\2- MCAL\ST\09- DMA\DMA_program.o
MDMA_voidEnableChannel                            Drivers\2- MCAL\ST\09- DMA\DMA_program.o
MDMA_voidEnableInterrupt                          Drivers\2- MCAL\ST\09- DMA\DMA_program.o
MDMA_voidSetCallBack                              Drivers\2- MCAL\ST\09- DMA\DMA_program.o
MEXTI_u8GetPendingFlag                            Drivers\2- MCAL\ST\07- EXTI\EXTI_program.o
MEXTI_voidConfigureLineTrigger                    Drivers\2- MCAL\ST\07- EXTI\EXTI_program.o
MEXTI_voidDisableEvent                            Drivers\2- MCAL\ST\07- EXTI\EXTI_program.o
MEXTI_voidDisableInterrupt                        Drivers\2- MCAL\ST\07- EXTI\EXTI_program.o
MEXTI_voidEnableEvent                             Drivers\2- MCAL\ST\07- EXTI\EXTI_program.o
MEXTI_voidEnableInterrupt                         Drivers\2- MCAL\ST\07- EXTI\EXTI_program.o
MEXTI_voidSetCallBack                             Drivers\2- MCAL\ST\07- EXTI\EXTI_program.o
MEXTI_voidSetSoftwareTrigger                      Drivers\2- MCAL\ST\07- EXTI\EXTI_program.o
MEXT_voidClearPendingFlag                         Drivers\2- MCAL\ST\07- EXTI\EXTI_program.o
MGPIO_u16GetPortValue                             Drivers\2- MCAL\ST\05- GPIO\GPIO_program.o
MGPIO_u8GetPinValue                               Drivers\2- MCAL\ST\05- GPIO\GPIO_program.o
                                                  Drivers\3- HAL\03- Char LCD\LCD_program.o
                                                  Drivers\3- HAL\02- KeyPad\Keypad_program.o
MGPIO_voidClearPin                                Drivers\2- MCAL\ST\05- GPIO\GPIO_program.o
                                                  Drivers\3- HAL\03- Char LCD\LCD_program.o
                                                  Drivers\3- HAL\02- KeyPad\Keypad_program.o
                                                  Drivers\3- HAL\01- SevenSegment\SevenSegment_program.o
MGPIO_voidClearPort                               Drivers\2- MCAL\ST\05- GPIO\GPIO_program.o
MGPIO_voidLockPin                                 Drivers\2- MCAL\ST\05- GPIO\GPIO_program.o
MGPIO_voidLockPort                                Drivers\2- MCAL\ST\05- GPIO\GPIO_program.o
MGPIO_voidSetPin                                  Drivers\2- MCAL\ST\05- GPIO\GPIO_program.o
                                                  Drivers\3- HAL\03- Char LCD\LCD_program.o
                                                  Drivers\3- HAL\02- KeyPad\Keypad_program.o
                                                  Drivers\3- HAL\01- SevenSegment\SevenSegment_program.o
MGPIO_voidSetPinDirection                         Drivers\2- MCAL\ST\05- GPIO\GPIO_program.o
                                                  Drivers\3- HAL\03- Char LCD\LCD_program.o
                                                  Drivers\3- HAL\02- KeyPad\Keypad_program.o
                                                  Drivers\3- HAL\01- SevenSegment\SevenSegment_program.o
MGPIO_voidSetPinPull                              Drivers\2- MCAL\ST\05- GPIO\GPIO_program.o
                                                  Drivers\3- HAL\02- KeyPad\Keypad_program.o
MGPIO_voidSetPinSpeed                             Drivers\2- MCAL\ST\05- GPIO\GPIO_program.o
                                                  Drivers\3- HAL\02- KeyPad\Keypad_program.o
MGPIO_voidSetPinValue                             Drivers\2- MCAL\ST\05- GPIO\GPIO_program.o
                                                  Drivers\3- HAL\03- Char LCD\LCD_program.o
                                                  Drivers\3- HAL\01- SevenSegment\SevenSegment_program.o
MGPIO_voidSetPort                                 Drivers\2- MCAL\ST\05- GPIO\GPIO_program.o
MGPIO_voidSetPortDirection                        Drivers\2- MCAL\ST\05- GPIO\GPIO_program.o
MGPIO_voidSetPortPull                             Drivers\2- MCAL\ST\05- GPIO\GPIO_program.o
MGPIO_voidSetPortSpeed                            Drivers\2- MCAL\ST\05- GPIO\GPIO_program.o
MGPIO_voidSetPortValue                            Drivers\2- MCAL\ST\05- GPIO\GPIO_program.o
MNVIC_u8GetActiveFlag                             Drivers\2- MCAL\ARM _CORTEX_M3\01- NVIC\NVIC_program.o
MNVIC_u8GetPendingFlag                            Drivers\2- MCAL\ARM _CORTEX_M3\01- NVIC\NVIC_program.o
MNVIC_voidClearPendingFlag                        Drivers\2- MCAL\ARM _CORTEX_M3\01- NVIC\NVIC_program.o
MNVIC_voidDisableInterrupt                        Drivers\2- MCAL\ARM _CORTEX_M3\01- NVIC\NVIC_program.o
MNVIC_voidEnableInterrupt                         Drivers\2- MCAL\ARM _CORTEX_M3\01- NVIC\NVIC_program.o
MNVIC_voidInit                                    Drivers\2- MCAL\ARM _CORTEX_M3\01- NVIC\NVIC_program.o
MNVIC_voidSetInterruptPriority                    Drivers\2- MCAL\ARM _CORTEX_M3\01- NVIC\NVIC_program.o
MNVIC_voidSetPendingFlag                          Drivers\2- MCAL\ARM _CORTEX_M3\01- NVIC\NVIC_program.o
MPWR_u8GetPoerVoltageDetectorLevel                Drivers\2- MCAL\ST\02- PWR\PWR_program.o
MPWR_u8GetStandByStatus                           Drivers\2- MCAL\ST\02- PWR\PWR_program.o
MPWR_voidClearStandByFlag                         Drivers\2- MCAL\ST\02- PWR\PWR_program.o
MPWR_voidClearWakeUpFlag                          Drivers\2- MCAL\ST\02- PWR\PWR_program.o
MPWR_voidDisableBackupDomainWrite                 Drivers\2- MCAL\ST\02- PWR\PWR_program.o
MPWR_voidDisablePowerVoltageDetector              Drivers\2- MCAL\ST\02- PWR\PWR_program.o
MPWR_voidDisableWakeUpPin                         Drivers\2- MCAL\ST\02- PWR\PWR_program.o
MPWR_voidEnableBackupDomainWrite                  Drivers\2- MCAL\ST\02- PWR\PWR_program.o
MPWR_voidEnablePowerVoltageDetector               Drivers\2- MCAL\ST\02- PWR\PWR_program.o
MPWR_voidEnableWakeUpPin                          Drivers\2- MCAL\ST\02- PWR\PWR_program.o
MPWR_voidGetWakeUpStatus                          Drivers\2- MCAL\ST\02- PWR\PWR_program.o
MPWR_voidSetPowerVoltageDetectorLevel             Drivers\2- MCAL\ST\02- PWR\PWR_program.o
MPWR_voidSetRegulatorMode                         Drivers\2- MCAL\ST\02- PWR\PWR_program.o
MPWR_voidSetWakeupEvent                           Drivers\2- MCAL\ST\02- PWR\PWR_program.o
MPWR_voidSleep                                    Drivers\2- MCAL\ST\02- PWR\PWR_program.o
MRCC_u32GetBusClock                               Drivers\2- MCAL\ST\04- RCC\RCC_program.o
MRCC_u32GetSystemClock                            Drivers\2- MCAL\ST\04- RCC\RCC_program.o
MRCC_u8GetIneterruptStatus                        Drivers\2- MCAL\ST\04- RCC\RCC_program.o
MRCC_voidClearInterrupt                           Drivers\2- MCAL\ST\04- RCC\RCC_program.o
MRCC_voidDisableInterrupt                         Drivers\2- MCAL\ST\04- RCC\RCC_program.o
MRCC_voidDisableMCO                               Drivers\2- MCAL\ST\04- RCC\RCC_program.o
MRCC_voidDisablePeripheral                        Drivers\2- MCAL\ST\04- RCC\RCC_program.o
MRCC_voidEnableInterrupt                          Drivers\2- MCAL\ST\04- RCC\RCC_program.o
MRCC_voidEnableMCO                                Drivers\2- MCAL\ST\04- RCC\RCC_program.o
MRCC_voidEnablePeripheral                         Drivers\2- MCAL\ST\04- RCC\RCC_program.o
MRCC_voidInitClock                                Drivers\2- MCAL\ST\04- RCC\RCC_program.o
                                                  src\main.o
MRCC_voidResetPeripheral                          Drivers\2- MCAL\ST\04- RCC\RCC_program.o
MRCC_voidSetCallBack                              Drivers\2- MCAL\ST\04- RCC\RCC_program.o
MSCB_u8GetExceptionStatus                         Drivers\2- MCAL\ARM _CORTEX_M3\02- SCB\SCB_program.o
MSCB_voidClearExceptionPending                    Drivers\2- MCAL\ARM _CORTEX_M3\02- SCB\SCB_program.o
MSCB_voidDisableDeepSleep                         Drivers\2- MCAL\ARM _CORTEX_M3\02- SCB\SCB_program.o
MSCB_voidDisableException                         Drivers\2- MCAL\ARM _CORTEX_M3\02- SCB\SCB_program.o
MSCB_voidDisableSleepNow                          Drivers\2- MCAL\ARM _CORTEX_M3\02- SCB\SCB_program.o
                                                  Drivers\2- MCAL\ST\02- PWR\PWR_program.o
MSCB_voidEnableDeepSleep                          Drivers\2- MCAL\ARM _CORTEX_M3\02- SCB\SCB_program.o
                                                  Drivers\2- MCAL\ST\02- PWR\PWR_program.o
MSCB_voidEnableException                          Drivers\2- MCAL\ARM _CORTEX_M3\02- SCB\SCB_program.o
MSCB_voidEnableSleepNow                           Drivers\2- MCAL\ARM _CORTEX_M3\02- SCB\SCB_program.o
                                                  Drivers\2- MCAL\ST\02- PWR\PWR_program.o
MSCB_voidRequestSystemReset                       Drivers\2- MCAL\ARM _CORTEX_M3\02- SCB\SCB_program.o
MSCB_voidSetEventOnPendingInterrupt               Drivers\2- MCAL\ARM _CORTEX_M3\02- SCB\SCB_program.o
                                                  Drivers\2- MCAL\ST\02- PWR\PWR_program.o
MSCB_voidSetExceptionPending                      Drivers\2- MCAL\ARM _CORTEX_M3\02- SCB\SCB_program.o
MSCB_voidSetExceptionPriority                     Drivers\2- MCAL\ARM _CORTEX_M3\02- SCB\SCB_program.o
MSCB_voidSetInterruptGroups                       Drivers\2- MCAL\ARM _CORTEX_M3\02- SCB\SCB_program.o
MSTK_u32GetElapsedTime                            Drivers\2- MCAL\ARM _CORTEX_M3\03- STK\STK_program.o
MSTK_u32GetRemainingTime                          Drivers\2- MCAL\ARM _CORTEX_M3\03- STK\STK_program.o
MSTK_voidClibrate                                 Drivers\2- MCAL\ARM _CORTEX_M3\03- STK\STK_program.o
MSTK_voidInit                                     Drivers\2- MCAL\ARM _CORTEX_M3\03- STK\STK_program.o
MSTK_voidSetBusyWaitUS                            Drivers\2- MCAL\ARM _CORTEX_M3\03- STK\STK_program.o
                                                  Drivers\3- HAL\03- Char LCD\LCD_program.o
MSTK_voidSetPeriodicInterval                      Drivers\2- MCAL\ARM _CORTEX_M3\03- STK\STK_program.o
MSTK_voidSetSingleInterval                        Drivers\2- MCAL\ARM _CORTEX_M3\03- STK\STK_program.o
MSTK_voidStop                                     Drivers\2- MCAL\ARM _CORTEX_M3\03- STK\STK_program.o
MemManage_Handler                                 src\stm32f1xx_it.o
                                                  src\startup_stm32f10x_md.o
NMI_Handler                                       src\stm32f1xx_it.o
                                                  src\startup_stm32f10x_md.o
NVIC_Init                                         Libraries\STM32F10x_StdPeriph_Driver\src\misc.o
NVIC_PriorityGroupConfig                          Libraries\STM32F10x_StdPeriph_Driver\src\misc.o
NVIC_SetVectorTable                               Libraries\STM32F10x_StdPeriph_Driver\src\misc.o
NVIC_SystemLPConfig                               Libraries\STM32F10x_StdPeriph_Driver\src\misc.o
PBKP_voidCallBack                                 Drivers\2- MCAL\ST\03- BKP\BKP_program.o
PDMA_CallBacks                                    Drivers\2- MCAL\ST\09- DMA\DMA_program.o
PEXTI_CallBacks                                   Drivers\2- MCAL\ST\07- EXTI\EXTI_program.o
PKeypad_u8GetZeroIndex                            Drivers\3- HAL\02- KeyPad\Keypad_program.o
PKeypad_u8ReadRows                                Drivers\3- HAL\02- KeyPad\Keypad_program.o
PKeypad_voidDisableColumns                        Drivers\3- HAL\02- KeyPad\Keypad_program.o
PKeypad_voidEnableColumn                          Drivers\3- HAL\02- KeyPad\Keypad_program.o
PLCD_voidEnable                                   Drivers\3- HAL\03- Char LCD\LCD_program.o
PLCD_voidSetReadMode                              Drivers\3- HAL\03- Char LCD\LCD_program.o
PLCD_voidSetWriteMode                             Drivers\3- HAL\03- Char LCD\LCD_program.o
PLCD_voidWaitForBusyFlag                          Drivers\3- HAL\03- Char LCD\LCD_program.o
PLCD_voidWrite4Bits                               Drivers\3- HAL\03- Char LCD\LCD_program.o
PLCD_voidWrite8Bits                               Drivers\3- HAL\03- Char LCD\LCD_program.o
PLCD_voidWriteCommand                             Drivers\3- HAL\03- Char LCD\LCD_program.o
PLCD_voidWriteData                                Drivers\3- HAL\03- Char LCD\LCD_program.o
PNVIC_GroupingConfig                              Drivers\2- MCAL\ARM _CORTEX_M3\01- NVIC\NVIC_program.o
PRCC_u16AHBPrescalars                             Drivers\2- MCAL\ST\04- RCC\RCC_program.o
PRCC_u16APBPescalars                              Drivers\2- MCAL\ST\04- RCC\RCC_program.o
PRCC_voidCallBacks                                Drivers\2- MCAL\ST\04- RCC\RCC_program.o
PSEVENSEGMENT_u8PtrCommonCathodeDigits            Drivers\3- HAL\01- SevenSegment\SevenSegment_program.o
PSTK_u32TicksPerMicroSeconds                      Drivers\2- MCAL\ARM _CORTEX_M3\03- STK\STK_program.o
PSTK_u8SingleInterruptFlag                        Drivers\2- MCAL\ARM _CORTEX_M3\03- STK\STK_program.o
PSTK_voidUnderFlowCallBack                        Drivers\2- MCAL\ARM _CORTEX_M3\03- STK\STK_program.o
PVD_IRQHandler                                    Drivers\2- MCAL\ST\07- EXTI\EXTI_program.o
PWR_BackupAccessCmd                               Libraries\STM32F10x_StdPeriph_Driver\src\stm32f10x_pwr.o
PWR_ClearFlag                                     Libraries\STM32F10x_StdPeriph_Driver\src\stm32f10x_pwr.o
PWR_DeInit                                        Libraries\STM32F10x_StdPeriph_Driver\src\stm32f10x_pwr.o
PWR_EnterSTANDBYMode                              Libraries\STM32F10x_StdPeriph_Driver\src\stm32f10x_pwr.o
PWR_EnterSTOPMode                                 Libraries\STM32F10x_StdPeriph_Driver\src\stm32f10x_pwr.o
PWR_GetFlagStatus                                 Libraries\STM32F10x_StdPeriph_Driver\src\stm32f10x_pwr.o
PWR_PVDCmd                                        Libraries\STM32F10x_StdPeriph_Driver\src\stm32f10x_pwr.o
PWR_PVDLevelConfig                                Libraries\STM32F10x_StdPeriph_Driver\src\stm32f10x_pwr.o
PWR_WakeUpPinCmd                                  Libraries\STM32F10x_StdPeriph_Driver\src\stm32f10x_pwr.o
PYPositions                                       Drivers\3- HAL\03- Char LCD\LCD_program.o
PendSV_Handler                                    src\stm32f1xx_it.o
                                                  src\startup_stm32f10x_md.o
RCC_ADCCLKConfig                                  Libraries\STM32F10x_StdPeriph_Driver\src\stm32f10x_rcc.o
RCC_AHBPeriphClockCmd                             Libraries\STM32F10x_StdPeriph_Driver\src\stm32f10x_rcc.o
RCC_APB1PeriphClockCmd                            Libraries\STM32F10x_StdPeriph_Driver\src\stm32f10x_rcc.o
RCC_APB1PeriphResetCmd                            Libraries\STM32F10x_StdPeriph_Driver\src\stm32f10x_rcc.o
                                                  Libraries\STM32F10x_StdPeriph_Driver\src\stm32f10x_wwdg.o
                                                  Libraries\STM32F10x_StdPeriph_Driver\src\stm32f10x_usart.o
                                                  Libraries\STM32F10x_StdPeriph_Driver\src\stm32f10x_tim.o
                                                  Libraries\STM32F10x_StdPeriph_Driver\src\stm32f10x_spi.o
                                                  Libraries\STM32F10x_StdPeriph_Driver\src\stm32f10x_pwr.o
                                                  Libraries\STM32F10x_StdPeriph_Driver\src\stm32f10x_i2c.o
                                                  Libraries\STM32F10x_StdPeriph_Driver\src\stm32f10x_dac.o
                                                  Libraries\STM32F10x_StdPeriph_Driver\src\stm32f10x_cec.o
                                                  Libraries\STM32F10x_StdPeriph_Driver\src\stm32f10x_can.o
RCC_APB2PeriphClockCmd                            Libraries\STM32F10x_StdPeriph_Driver\src\stm32f10x_rcc.o
RCC_APB2PeriphResetCmd                            Libraries\STM32F10x_StdPeriph_Driver\src\stm32f10x_rcc.o
                                                  Libraries\STM32F10x_StdPeriph_Driver\src\stm32f10x_usart.o
                                                  Libraries\STM32F10x_StdPeriph_Driver\src\stm32f10x_tim.o
                                                  Libraries\STM32F10x_StdPeriph_Driver\src\stm32f10x_spi.o
                                                  Libraries\STM32F10x_StdPeriph_Driver\src\stm32f10x_gpio.o
                                                  Libraries\STM32F10x_StdPeriph_Driver\src\stm32f10x_adc.o
RCC_AdjustHSICalibrationValue                     Libraries\STM32F10x_StdPeriph_Driver\src\stm32f10x_rcc.o
RCC_BackupResetCmd                                Libraries\STM32F10x_StdPeriph_Driver\src\stm32f10x_rcc.o
                                                  Libraries\STM32F10x_StdPeriph_Driver\src\stm32f10x_bkp.o
RCC_ClearFlag                                     Libraries\STM32F10x_StdPeriph_Driver\src\stm32f10x_rcc.o
RCC_ClearITPendingBit                             Libraries\STM32F10x_StdPeriph_Driver\src\stm32f10x_rcc.o
RCC_ClockSecuritySystemCmd                        Libraries\STM32F10x_StdPeriph_Driver\src\stm32f10x_rcc.o
RCC_DeInit                                        Libraries\STM32F10x_StdPeriph_Driver\src\stm32f10x_rcc.o
RCC_GetClocksFreq                                 Libraries\STM32F10x_StdPeriph_Driver\src\stm32f10x_rcc.o
                                                  Libraries\STM32F10x_StdPeriph_Driver\src\stm32f10x_usart.o
                                                  Libraries\STM32F10x_StdPeriph_Driver\src\stm32f10x_spi.o
                                                  Libraries\STM32F10x_StdPeriph_Driver\src\stm32f10x_i2c.o
RCC_GetFlagStatus                                 Libraries\STM32F10x_StdPeriph_Driver\src\stm32f10x_rcc.o
RCC_GetITStatus                                   Libraries\STM32F10x_StdPeriph_Driver\src\stm32f10x_rcc.o
RCC_GetSYSCLKSource                               Libraries\STM32F10x_StdPeriph_Driver\src\stm32f10x_rcc.o
RCC_HCLKConfig                                    Libraries\STM32F10x_StdPeriph_Driver\src\stm32f10x_rcc.o
RCC_HSEConfig                                     Libraries\STM32F10x_StdPeriph_Driver\src\stm32f10x_rcc.o
RCC_HSICmd                                        Libraries\STM32F10x_StdPeriph_Driver\src\stm32f10x_rcc.o
RCC_IRQHandler                                    Drivers\2- MCAL\ST\04- RCC\RCC_program.o
RCC_ITConfig                                      Libraries\STM32F10x_StdPeriph_Driver\src\stm32f10x_rcc.o
RCC_LSEConfig                                     Libraries\STM32F10x_StdPeriph_Driver\src\stm32f10x_rcc.o
RCC_LSICmd                                        Libraries\STM32F10x_StdPeriph_Driver\src\stm32f10x_rcc.o
RCC_MCOConfig                                     Libraries\STM32F10x_StdPeriph_Driver\src\stm32f10x_rcc.o
RCC_PCLK1Config                                   Libraries\STM32F10x_StdPeriph_Driver\src\stm32f10x_rcc.o
RCC_PCLK2Config                                   Libraries\STM32F10x_StdPeriph_Driver\src\stm32f10x_rcc.o
RCC_PLLCmd                                        Libraries\STM32F10x_StdPeriph_Driver\src\stm32f10x_rcc.o
RCC_PLLConfig                                     Libraries\STM32F10x_StdPeriph_Driver\src\stm32f10x_rcc.o
RCC_RTCCLKCmd                                     Libraries\STM32F10x_StdPeriph_Driver\src\stm32f10x_rcc.o
RCC_RTCCLKConfig                                  Libraries\STM32F10x_StdPeriph_Driver\src\stm32f10x_rcc.o
RCC_SYSCLKConfig                                  Libraries\STM32F10x_StdPeriph_Driver\src\stm32f10x_rcc.o
RCC_USBCLKConfig                                  Libraries\STM32F10x_StdPeriph_Driver\src\stm32f10x_rcc.o
RCC_WaitForHSEStartUp                             Libraries\STM32F10x_StdPeriph_Driver\src\stm32f10x_rcc.o
RTCAlarm_IRQHandler                               Drivers\2- MCAL\ST\07- EXTI\EXTI_program.o
RTC_ClearFlag                                     Libraries\STM32F10x_StdPeriph_Driver\src\stm32f10x_rtc.o
RTC_ClearITPendingBit                             Libraries\STM32F10x_StdPeriph_Driver\src\stm32f10x_rtc.o
RTC_EnterConfigMode                               Libraries\STM32F10x_StdPeriph_Driver\src\stm32f10x_rtc.o
RTC_ExitConfigMode                                Libraries\STM32F10x_StdPeriph_Driver\src\stm32f10x_rtc.o
RTC_GetCounter                                    Libraries\STM32F10x_StdPeriph_Driver\src\stm32f10x_rtc.o
RTC_GetDivider                                    Libraries\STM32F10x_StdPeriph_Driver\src\stm32f10x_rtc.o
RTC_GetFlagStatus                                 Libraries\STM32F10x_StdPeriph_Driver\src\stm32f10x_rtc.o
RTC_GetITStatus                                   Libraries\STM32F10x_StdPeriph_Driver\src\stm32f10x_rtc.o
RTC_IRQHandler                                    src\startup_stm32f10x_md.o
RTC_ITConfig                                      Libraries\STM32F10x_StdPeriph_Driver\src\stm32f10x_rtc.o
RTC_SetAlarm                                      Libraries\STM32F10x_StdPeriph_Driver\src\stm32f10x_rtc.o
RTC_SetCounter                                    Libraries\STM32F10x_StdPeriph_Driver\src\stm32f10x_rtc.o
RTC_SetPrescaler                                  Libraries\STM32F10x_StdPeriph_Driver\src\stm32f10x_rtc.o
RTC_WaitForLastTask                               Libraries\STM32F10x_StdPeriph_Driver\src\stm32f10x_rtc.o
RTC_WaitForSynchro                                Libraries\STM32F10x_StdPeriph_Driver\src\stm32f10x_rtc.o
Reset_Handler                                     src\startup_stm32f10x_md.o
SDIO_CEATAITCmd                                   Libraries\STM32F10x_StdPeriph_Driver\src\stm32f10x_sdio.o
SDIO_ClearFlag                                    Libraries\STM32F10x_StdPeriph_Driver\src\stm32f10x_sdio.o
SDIO_ClearITPendingBit                            Libraries\STM32F10x_StdPeriph_Driver\src\stm32f10x_sdio.o
SDIO_ClockCmd                                     Libraries\STM32F10x_StdPeriph_Driver\src\stm32f10x_sdio.o
SDIO_CmdStructInit                                Libraries\STM32F10x_StdPeriph_Driver\src\stm32f10x_sdio.o
SDIO_CommandCompletionCmd                         Libraries\STM32F10x_StdPeriph_Driver\src\stm32f10x_sdio.o
SDIO_DMACmd                                       Libraries\STM32F10x_StdPeriph_Driver\src\stm32f10x_sdio.o
SDIO_DataConfig                                   Libraries\STM32F10x_StdPeriph_Driver\src\stm32f10x_sdio.o
SDIO_DataStructInit                               Libraries\STM32F10x_StdPeriph_Driver\src\stm32f10x_sdio.o
SDIO_DeInit                                       Libraries\STM32F10x_StdPeriph_Driver\src\stm32f10x_sdio.o
SDIO_GetCommandResponse                           Libraries\STM32F10x_StdPeriph_Driver\src\stm32f10x_sdio.o
SDIO_GetDataCounter                               Libraries\STM32F10x_StdPeriph_Driver\src\stm32f10x_sdio.o
SDIO_GetFIFOCount                                 Libraries\STM32F10x_StdPeriph_Driver\src\stm32f10x_sdio.o
SDIO_GetFlagStatus                                Libraries\STM32F10x_StdPeriph_Driver\src\stm32f10x_sdio.o
SDIO_GetITStatus                                  Libraries\STM32F10x_StdPeriph_Driver\src\stm32f10x_sdio.o
SDIO_GetPowerState                                Libraries\STM32F10x_StdPeriph_Driver\src\stm32f10x_sdio.o
SDIO_GetResponse                                  Libraries\STM32F10x_StdPeriph_Driver\src\stm32f10x_sdio.o
SDIO_ITConfig                                     Libraries\STM32F10x_StdPeriph_Driver\src\stm32f10x_sdio.o
SDIO_Init                                         Libraries\STM32F10x_StdPeriph_Driver\src\stm32f10x_sdio.o
SDIO_ReadData                                     Libraries\STM32F10x_StdPeriph_Driver\src\stm32f10x_sdio.o
SDIO_SendCEATACmd                                 Libraries\STM32F10x_StdPeriph_Driver\src\stm32f10x_sdio.o
SDIO_SendCommand                                  Libraries\STM32F10x_StdPeriph_Driver\src\stm32f10x_sdio.o
SDIO_SendSDIOSuspendCmd                           Libraries\STM32F10x_StdPeriph_Driver\src\stm32f10x_sdio.o
SDIO_SetPowerState                                Libraries\STM32F10x_StdPeriph_Driver\src\stm32f10x_sdio.o
SDIO_SetSDIOOperation                             Libraries\STM32F10x_StdPeriph_Driver\src\stm32f10x_sdio.o
SDIO_SetSDIOReadWaitMode                          Libraries\STM32F10x_StdPeriph_Driver\src\stm32f10x_sdio.o
SDIO_StartSDIOReadWait                            Libraries\STM32F10x_StdPeriph_Driver\src\stm32f10x_sdio.o
SDIO_StopSDIOReadWait                             Libraries\STM32F10x_StdPeriph_Driver\src\stm32f10x_sdio.o
SDIO_StructInit                                   Libraries\STM32F10x_StdPeriph_Driver\src\stm32f10x_sdio.o
SDIO_WriteData                                    Libraries\STM32F10x_StdPeriph_Driver\src\stm32f10x_sdio.o
SPI1_IRQHandler                                   src\startup_stm32f10x_md.o
SPI2_IRQHandler                                   src\startup_stm32f10x_md.o
SPI_BiDirectionalLineConfig                       Libraries\STM32F10x_StdPeriph_Driver\src\stm32f10x_spi.o
SPI_CalculateCRC                                  Libraries\STM32F10x_StdPeriph_Driver\src\stm32f10x_spi.o
SPI_Cmd                                           Libraries\STM32F10x_StdPeriph_Driver\src\stm32f10x_spi.o
SPI_DataSizeConfig                                Libraries\STM32F10x_StdPeriph_Driver\src\stm32f10x_spi.o
SPI_GetCRC                                        Libraries\STM32F10x_StdPeriph_Driver\src\stm32f10x_spi.o
SPI_GetCRCPolynomial                              Libraries\STM32F10x_StdPeriph_Driver\src\stm32f10x_spi.o
SPI_I2S_ClearFlag                                 Libraries\STM32F10x_StdPeriph_Driver\src\stm32f10x_spi.o
SPI_I2S_ClearITPendingBit                         Libraries\STM32F10x_StdPeriph_Driver\src\stm32f10x_spi.o
SPI_I2S_DMACmd                                    Libraries\STM32F10x_StdPeriph_Driver\src\stm32f10x_spi.o
SPI_I2S_DeInit                                    Libraries\STM32F10x_StdPeriph_Driver\src\stm32f10x_spi.o
SPI_I2S_GetFlagStatus                             Libraries\STM32F10x_StdPeriph_Driver\src\stm32f10x_spi.o
SPI_I2S_GetITStatus                               Libraries\STM32F10x_StdPeriph_Driver\src\stm32f10x_spi.o
SPI_I2S_ITConfig                                  Libraries\STM32F10x_StdPeriph_Driver\src\stm32f10x_spi.o
SPI_I2S_ReceiveData                               Libraries\STM32F10x_StdPeriph_Driver\src\stm32f10x_spi.o
SPI_I2S_SendData                                  Libraries\STM32F10x_StdPeriph_Driver\src\stm32f10x_spi.o
SPI_Init                                          Libraries\STM32F10x_StdPeriph_Driver\src\stm32f10x_spi.o
SPI_NSSInternalSoftwareConfig                     Libraries\STM32F10x_StdPeriph_Driver\src\stm32f10x_spi.o
SPI_SSOutputCmd                                   Libraries\STM32F10x_StdPeriph_Driver\src\stm32f10x_spi.o
SPI_StructInit                                    Libraries\STM32F10x_StdPeriph_Driver\src\stm32f10x_spi.o
SPI_TransmitCRC                                   Libraries\STM32F10x_StdPeriph_Driver\src\stm32f10x_spi.o
SVC_Handler                                       src\stm32f1xx_it.o
                                                  src\startup_stm32f10x_md.o
SysTick_CLKSourceConfig                           Libraries\STM32F10x_StdPeriph_Driver\src\misc.o
SysTick_Handler                                   Drivers\2- MCAL\ARM _CORTEX_M3\03- STK\STK_program.o
SystemCoreClock                                   src\system_stm32f10x.o
SystemCoreClockUpdate                             src\system_stm32f10x.o
SystemInit                                        src\system_stm32f10x.o
                                                  src\startup_stm32f10x_md.o
TAMPER_IRQHandler                                 Drivers\2- MCAL\ST\03- BKP\BKP_program.o
TIM1_BRK_IRQHandler                               src\startup_stm32f10x_md.o
TIM1_CC_IRQHandler                                src\startup_stm32f10x_md.o
TIM1_TRG_COM_IRQHandler                           src\startup_stm32f10x_md.o
TIM1_UP_IRQHandler                                src\startup_stm32f10x_md.o
TIM2_IRQHandler                                   src\startup_stm32f10x_md.o
TIM3_IRQHandler                                   src\startup_stm32f10x_md.o
TIM4_IRQHandler                                   src\startup_stm32f10x_md.o
TIM_ARRPreloadConfig                              Libraries\STM32F10x_StdPeriph_Driver\src\stm32f10x_tim.o
TIM_BDTRConfig                                    Libraries\STM32F10x_StdPeriph_Driver\src\stm32f10x_tim.o
TIM_BDTRStructInit                                Libraries\STM32F10x_StdPeriph_Driver\src\stm32f10x_tim.o
TIM_CCPreloadControl                              Libraries\STM32F10x_StdPeriph_Driver\src\stm32f10x_tim.o
TIM_CCxCmd                                        Libraries\STM32F10x_StdPeriph_Driver\src\stm32f10x_tim.o
TIM_CCxNCmd                                       Libraries\STM32F10x_StdPeriph_Driver\src\stm32f10x_tim.o
TIM_ClearFlag                                     Libraries\STM32F10x_StdPeriph_Driver\src\stm32f10x_tim.o
TIM_ClearITPendingBit                             Libraries\STM32F10x_StdPeriph_Driver\src\stm32f10x_tim.o