22:20:08 **** Incremental Build of configuration Debug for project LinkingTest ****
Info: Internal Builder is used for build
arm-atollic-eabi-gcc -c ..\..\..\Drivers\2- MCAL\ST\08- ADC\ADC_program.c -mthumb -mcpu=cortex-m3 -std=gnu11 -DSTM32F10X_MD -DUSE_STDPERIPH_DRIVER -I../src -I../Libraries/STM32F10x_StdPeriph_Driver/inc -I../Libraries/CMSIS/Device/ST/STM32F10x/Include -I../Libraries/CMSIS/Include -IC:\Users\20109\OneDrive\Documents\STM32\Drivers -O0 -ffunction-sections -fdata-sections -g -fstack-usage -Wall -specs=nano.specs -o Drivers\2- MCAL\ST\08- ADC\ADC_program.o 
arm-atollic-eabi-gcc -c ..\..\..\Drivers\2- MCAL\ST\09- DMA\DMA_program.c -mthumb -mcpu=cortex-m3 -std=gnu11 -DSTM32F10X_MD -DUSE_STDPERIPH_DRIVER -I../src -I../Libraries/STM32F10x_StdPeriph_Driver/inc -I../Libraries/CMSIS/Device/ST/STM32F10x/Include -I../Libraries/CMSIS/Include -IC:\Users\20109\OneDrive\Documents\STM32\Drivers -O0 -ffunction-sections -fdata-sections -g -fstack-usage -Wall -specs=nano.specs -o Drivers\2- MCAL\ST\09- DMA\DMA_program.o 
arm-atollic-eabi-gcc -c -mthumb -mcpu=cortex-m3 -DSTM32F10X_MD -DUSE_STDPERIPH_DRIVER -I../src -I../Libraries/STM32F10x_StdPeriph_Driver/inc -I../Libraries/CMSIS/Device/ST/STM32F10x/Include -I../Libraries/CMSIS/Include -IC:\Users\20109\OneDrive\Documents\STM32\Drivers -g -Wa,--warn -x assembler-with-cpp -specs=nano.specs -o src\startup_stm32f10x_md.o ..\src\startup_stm32f10x_md.s 
arm-atollic-eabi-gcc -c ..\..\..\Drivers\2- MCAL\ST\07- EXTI\EXTI_program.c -mthumb -mcpu=cortex-m3 -std=gnu11 -DSTM32F10X_MD -DUSE_STDPERIPH_DRIVER -I../src -I../Libraries/STM32F10x_StdPeriph_Driver/inc -I../Libraries/CMSIS/Device/ST/STM32F10x/Include -I../Libraries/CMSIS/Include -IC:\Users\20109\OneDrive\Documents\STM32\Drivers -O0 -ffunction-sections -fdata-sections -g -fstack-usage -Wall -specs=nano.specs -o Drivers\2- MCAL\ST\07- EXTI\EXTI_program.o 
arm-atollic-eabi-gcc -c ..\Libraries\STM32F10x_StdPeriph_Driver\src\stm32f10x_adc.c -mthumb -mcpu=cortex-m3 -std=gnu11 -DSTM32F10X_MD -DUSE_STDPERIPH_DRIVER -I../src -I../Libraries/STM32F10x_StdPeriph_Driver/inc -I../Libraries/CMSIS/Device/ST/STM32F10x/Include -I../Libraries/CMSIS/Include -IC:\Users\20109\OneDrive\Documents\STM32\Drivers -O0 -ffunction-sections -fdata-sections -g -fstack-usage -Wall -specs=nano.specs -o Libraries\STM32F10x_StdPeriph_Driver\src\stm32f10x_adc.o 
arm-atollic-eabi-gcc -c ..\Libraries\STM32F10x_StdPeriph_Driver\src\stm32f10x_i2c.c -mthumb -mcpu=cortex-m3 -std=gnu11 -DSTM32F10X_MD -DUSE_STDPERIPH_DRIVER -I../src -I../Libraries/STM32F10x_StdPeriph_Driver/inc -I../Libraries/CMSIS/Device/ST/STM32F10x/Include -I../Libraries/CMSIS/Include -IC:\Users\20109\OneDrive\Documents\STM32\Drivers -O0 -ffunction-sections -fdata-sections -g -fstack-usage -Wall -specs=nano.specs -o Libraries\STM32F10x_StdPeriph_Driver\src\stm32f10x_i2c.o 
arm-atollic-eabi-gcc -c ..\..\..\Drivers\2- MCAL\ARM _CORTEX_M3\03- STK\STK_program.c -mthumb -mcpu=cortex-m3 -std=gnu11 -DSTM32F10X_MD -DUSE_STDPERIPH_DRIVER -I../src -I../Libraries/STM32F10x_StdPeriph_Driver/inc -I../Libraries/CMSIS/Device/ST/STM32F10x/Include -I../Libraries/CMSIS/Include -IC:\Users\20109\OneDrive\Documents\STM32\Drivers -O0 -ffunction-sections -fdata-sections -g -fstack-usage -Wall -specs=nano.specs -o Drivers\2- MCAL\ARM _CORTEX_M3\03- STK\STK_program.o 
arm-atollic-eabi-gcc -c ..\..\..\Drivers\2- MCAL\ARM _CORTEX_M3\01- NVIC\NVIC_program.c -mthumb -mcpu=cortex-m3 -std=gnu11 -DSTM32F10X_MD -DUSE_STDPERIPH_DRIVER -I../src -I../Libraries/STM32F10x_StdPeriph_Driver/inc -I../Libraries/CMSIS/Device/ST/STM32F10x/Include -I../Libraries/CMSIS/Include -IC:\Users\20109\OneDrive\Documents\STM32\Drivers -O0 -ffunction-sections -fdata-sections -g -fstack-usage -Wall -specs=nano.specs -o Drivers\2- MCAL\ARM _CORTEX_M3\01- NVIC\NVIC_program.o 
arm-atollic-eabi-gcc -c ..\Libraries\STM32F10x_StdPeriph_Driver\src\stm32f10x_gpio.c -mthumb -mcpu=cortex-m3 -std=gnu11 -DSTM32F10X_MD -DUSE_STDPERIPH_DRIVER -I../src -I../Libraries/STM32F10x_StdPeriph_Driver/inc -I../Libraries/CMSIS/Device/ST/STM32F10x/Include -I../Libraries/CMSIS/Include -IC:\Users\20109\OneDrive\Documents\STM32\Drivers -O0 -ffunction-sections -fdata-sections -g -fstack-usage -Wall -specs=nano.specs -o Libraries\STM32F10x_StdPeriph_Driver\src\stm32f10x_gpio.o 
arm-atollic-eabi-gcc -c ..\src\stm32f1xx_it.c -mthumb -mcpu=cortex-m3 -std=gnu11 -DSTM32F10X_MD -DUSE_STDPERIPH_DRIVER -I../src -I../Libraries/STM32F10x_StdPeriph_Driver/inc -I../Libraries/CMSIS/Device/ST/STM32F10x/Include -I../Libraries/CMSIS/Include -IC:\Users\20109\OneDrive\Documents\STM32\Drivers -O0 -ffunction-sections -fdata-sections -g -fstack-usage -Wall -specs=nano.specs -o src\stm32f1xx_it.o 
arm-atollic-eabi-gcc -c ..\Libraries\STM32F10x_StdPeriph_Driver\src\stm32f10x_exti.c -mthumb -mcpu=cortex-m3 -std=gnu11 -DSTM32F10X_MD -DUSE_STDPERIPH_DRIVER -I../src -I../Libraries/STM32F10x_StdPeriph_Driver/inc -I../Libraries/CMSIS/Device/ST/STM32F10x/Include -I../Libraries/CMSIS/Include -IC:\Users\20109\OneDrive\Documents\STM32\Drivers -O0 -ffunction-sections -fdata-sections -g -fstack-usage -Wall -specs=nano.specs -o Libraries\STM32F10x_StdPeriph_Driver\src\stm32f10x_exti.o 
arm-atollic-eabi-gcc -c ..\Libraries\STM32F10x_StdPeriph_Driver\src\stm32f10x_dbgmcu.c -mthumb -mcpu=cortex-m3 -std=gnu11 -DSTM32F10X_MD -DUSE_STDPERIPH_DRIVER -I../src -I../Libraries/STM32F10x_StdPeriph_Driver/inc -I../Libraries/CMSIS/Device/ST/STM32F10x/Include -I../Libraries/CMSIS/Include -IC:\Users\20109\OneDrive\Documents\STM32\Drivers -O0 -ffunction-sections -fdata-sections -g -fstack-usage -Wall -specs=nano.specs -o Libraries\STM32F10x_StdPeriph_Driver\src\stm32f10x_dbgmcu.o 
arm-atollic-eabi-gcc -c ..\..\..\Drivers\2- MCAL\ST\02- PWR\PWR_program.c -mthumb -mcpu=cortex-m3 -std=gnu11 -DSTM32F10X_MD -DUSE_STDPERIPH_DRIVER -I../src -I../Libraries/STM32F10x_StdPeriph_Driver/inc -I../Libraries/CMSIS/Device/ST/STM32F10x/Include -I../Libraries/CMSIS/Include -IC:\Users\20109\OneDrive\Documents\STM32\Drivers -O0 -ffunction-sections -fdata-sections -g -fstack-usage -Wall -specs=nano.specs -o Drivers\2- MCAL\ST\02- PWR\PWR_program.o 
arm-atollic-eabi-gcc -c ..\Libraries\STM32F10x_StdPeriph_Driver\src\stm32f10x_cec.c -mthumb -mcpu=cortex-m3 -std=gnu11 -DSTM32F10X_MD -DUSE_STDPERIPH_DRIVER -I../src -I../Libraries/STM32F10x_StdPeriph_Driver/inc -I../Libraries/CMSIS/Device/ST/STM32F10x/Include -I../Libraries/CMSIS/Include -IC:\Users\20109\OneDrive\Documents\STM32\Drivers -O0 -ffunction-sections -fdata-sections -g -fstack-usage -Wall -specs=nano.specs -o Libraries\STM32F10x_StdPeriph_Driver\src\stm32f10x_cec.o 
arm-atollic-eabi-gcc -c ..\Libraries\STM32F10x_StdPeriph_Driver\src\stm32f10x_rtc.c -mthumb -mcpu=cortex-m3 -std=gnu11 -DSTM32F10X_MD -DUSE_STDPERIPH_DRIVER -I../src -I../Libraries/STM32F10x_StdPeriph_Driver/inc -I../Libraries/CMSIS/Device/ST/STM32F10x/Include -I../Libraries/CMSIS/Include -IC:\Users\20109\OneDrive\Documents\STM32\Drivers -O0 -ffunction-sections -fdata-sections -g -fstack-usage -Wall -specs=nano.specs -o Libraries\STM32F10x_StdPeriph_Driver\src\stm32f10x_rtc.o 
arm-atollic-eabi-gcc -c ..\Libraries\STM32F10x_StdPeriph_Driver\src\stm32f10x_dac.c -mthumb -mcpu=cortex-m3 -std=gnu11 -DSTM32F10X_MD -DUSE_STDPERIPH_DRIVER -I../src -I../Libraries/STM32F10x_StdPeriph_Driver/inc -I../Libraries/CMSIS/Device/ST/STM32F10x/Include -I../Libraries/CMSIS/Include -IC:\Users\20109\OneDrive\Documents\STM32\Drivers -O0 -ffunction-sections -fdata-sections -g -fstack-usage -Wall -specs=nano.specs -o Libraries\STM32F10x_StdPeriph_Driver\src\stm32f10x_dac.o 
arm-atollic-eabi-gcc -c ..\..\..\Drivers\2- MCAL\ST\10- ADVANCED TIMERS (1,8)\ADVANCED_TIMERS_program.c -mthumb -mcpu=cortex-m3 -std=gnu11 -DSTM32F10X_MD -DUSE_STDPERIPH_DRIVER -I../src -I../Libraries/STM32F10x_StdPeriph_Driver/inc -I../Libraries/CMSIS/Device/ST/STM32F10x/Include -I../Libraries/CMSIS/Include -IC:\Users\20109\OneDrive\Documents\STM32\Drivers -O0 -ffunction-sections -fdata-sections -g -fstack-usage -Wall -specs=nano.specs -o Drivers\2- MCAL\ST\10- ADVANCED TIMERS (1,8)\ADVANCED_TIMERS_program.o 
arm-atollic-eabi-gcc -c ..\..\..\Drivers\2- MCAL\ST\06- AFIO\AFIO_program.c -mthumb -mcpu=cortex-m3 -std=gnu11 -DSTM32F10X_MD -DUSE_STDPERIPH_DRIVER -I../src -I../Libraries/STM32F10x_StdPeriph_Driver/inc -I../Libraries/CMSIS/Device/ST/STM32F10x/Include -I../Libraries/CMSIS/Include -IC:\Users\20109\OneDrive\Documents\STM32\Drivers -O0 -ffunction-sections -fdata-sections -g -fstack-usage -Wall -specs=nano.specs -o Drivers\2- MCAL\ST\06- AFIO\AFIO_program.o 
arm-atollic-eabi-gcc -c ..\Libraries\STM32F10x_StdPeriph_Driver\src\stm32f10x_iwdg.c -mthumb -mcpu=cortex-m3 -std=gnu11 -DSTM32F10X_MD -DUSE_STDPERIPH_DRIVER -I../src -I../Libraries/STM32F10x_StdPeriph_Driver/inc -I../Libraries/CMSIS/Device/ST/STM32F10x/Include -I../Libraries/CMSIS/Include -IC:\Users\20109\OneDrive\Documents\STM32\Drivers -O0 -ffunction-sections -fdata-sections -g -fstack-usage -Wall -specs=nano.specs -o Libraries\STM32F10x_StdPeriph_Driver\src\stm32f10x_iwdg.o 
arm-atollic-eabi-gcc -c ..\Libraries\STM32F10x_StdPeriph_Driver\src\stm32f10x_usart.c -mthumb -mcpu=cortex-m3 -std=gnu11 -DSTM32F10X_MD -DUSE_STDPERIPH_DRIVER -I../src -I../Libraries/STM32F10x_StdPeriph_Driver/inc -I../Libraries/CMSIS/Device/ST/STM32F10x/Include -I../Libraries/CMSIS/Include -IC:\Users\20109\OneDrive\Documents\STM32\Drivers -O0 -ffunction-sections -fdata-sections -g -fstack-usage -Wall -specs=nano.specs -o Libraries\STM32F10x_StdPeriph_Driver\src\stm32f10x_usart.o 
arm-atollic-eabi-gcc -c ..\Libraries\STM32F10x_StdPeriph_Driver\src\stm32f10x_wwdg.c -mthumb -mcpu=cortex-m3 -std=gnu11 -DSTM32F10X_MD -DUSE_STDPERIPH_DRIVER -I../src -I../Libraries/STM32F10x_StdPeriph_Driver/inc -I../Libraries/CMSIS/Device/ST/STM32F10x/Include -I../Libraries/CMSIS/Include -IC:\Users\20109\OneDrive\Documents\STM32\Drivers -O0 -ffunction-sections -fdata-sections -g -fstack-usage -Wall -specs=nano.specs -o Libraries\STM32F10x_StdPeriph_Driver\src\stm32f10x_wwdg.o 
arm-atollic-eabi-gcc -c ..\..\..\Drivers\2- MCAL\ST\01- CRC\CRC_program.c -mthumb -mcpu=cortex-m3 -std=gnu11 -DSTM32F10X_MD -DUSE_STDPERIPH_DRIVER -I../src -I../Libraries/STM32F10x_StdPeriph_Driver/inc -I../Libraries/CMSIS/Device/ST/STM32F10x/Include -I../Libraries/CMSIS/Include -IC:\Users\20109\OneDrive\Documents\STM32\Drivers -O0 -ffunction-sections -fdata-sections -g -fstack-usage -Wall -specs=nano.specs -o Drivers\2- MCAL\ST\01- CRC\CRC_program.o 
arm-atollic-eabi-gcc -c ..\src\system_stm32f10x.c -mthumb -mcpu=cortex-m3 -std=gnu11 -DSTM32F10X_MD -DUSE_STDPERIPH_DRIVER -I../src -I../Libraries/STM32F10x_StdPeriph_Driver/inc -I../Libraries/CMSIS/Device/ST/STM32F10x/Include -I../Libraries/CMSIS/Include -IC:\Users\20109\OneDrive\Documents\STM32\Drivers -O0 -ffunction-sections -fdata-sections -g -fstack-usage -Wall -specs=nano.specs -o src\system_stm32f10x.o 
arm-atollic-eabi-gcc -c ..\..\..\Drivers\2- MCAL\ST\05- GPIO\GPIO_program.c -mthumb -mcpu=cortex-m3 -std=gnu11 -DSTM32F10X_MD -DUSE_STDPERIPH_DRIVER -I../src -I../Libraries/STM32F10x_StdPeriph_Driver/inc -I../Libraries/CMSIS/Device/ST/STM32F10x/Include -I../Libraries/CMSIS/Include -IC:\Users\20109\OneDrive\Documents\STM32\Drivers -O0 -ffunction-sections -fdata-sections -g -fstack-usage -Wall -specs=nano.specs -o Drivers\2- MCAL\ST\05- GPIO\GPIO_program.o 
arm-atollic-eabi-gcc -c ..\Libraries\STM32F10x_StdPeriph_Driver\src\stm32f10x_tim.c -mthumb -mcpu=cortex-m3 -std=gnu11 -DSTM32F10X_MD -DUSE_STDPERIPH_DRIVER -I../src -I../Libraries/STM32F10x_StdPeriph_Driver/inc -I../Libraries/CMSIS/Device/ST/STM32F10x/Include -I../Libraries/CMSIS/Include -IC:\Users\20109\OneDrive\Documents\STM32\Drivers -O0 -ffunction-sections -fdata-sections -g -fstack-usage -Wall -specs=nano.specs -o Libraries\STM32F10x_StdPeriph_Driver\src\stm32f10x_tim.o 
arm-atollic-eabi-gcc -c ..\..\..\Drivers\3- HAL\01- SevenSegment\SevenSegment_program.c -mthumb -mcpu=cortex-m3 -std=gnu11 -DSTM32F10X_MD -DUSE_STDPERIPH_DRIVER -I../src -I../Libraries/STM32F10x_StdPeriph_Driver/inc -I../Libraries/CMSIS/Device/ST/STM32F10x/Include -I../Libraries/CMSIS/Include -IC:\Users\20109\OneDrive\Documents\STM32\Drivers -O0 -ffunction-sections -fdata-sections -g -fstack-usage -Wall -specs=nano.specs -o Drivers\3- HAL\01- SevenSegment\SevenSegment_program.o 
arm-atollic-eabi-gcc -c ..\Libraries\STM32F10x_StdPeriph_Driver\src\stm32f10x_flash.c -mthumb -mcpu=cortex-m3 -std=gnu11 -DSTM32F10X_MD -DUSE_STDPERIPH_DRIVER -I../src -I../Libraries/STM32F10x_StdPeriph_Driver/inc -I../Libraries/CMSIS/Device/ST/STM32F10x/Include -I../Libraries/CMSIS/Include -IC:\Users\20109\OneDrive\Documents\STM32\Drivers -O0 -ffunction-sections -fdata-sections -g -fstack-usage -Wall -specs=nano.specs -o Libraries\STM32F10x_StdPeriph_Driver\src\stm32f10x_flash.o 
arm-atollic-eabi-gcc -c ..\..\..\Drivers\2- MCAL\ST\04- RCC\RCC_program.c -mthumb -mcpu=cortex-m3 -std=gnu11 -DSTM32F10X_MD -DUSE_STDPERIPH_DRIVER -I../src -I../Libraries/STM32F10x_StdPeriph_Driver/inc -I../Libraries/CMSIS/Device/ST/STM32F10x/Include -I../Libraries/CMSIS/Include -IC:\Users\20109\OneDrive\Documents\STM32\Drivers -O0 -ffunction-sections -fdata-sections -g -fstack-usage -Wall -specs=nano.specs -o Drivers\2- MCAL\ST\04- RCC\RCC_program.o 
arm-atollic-eabi-gcc -c ..\..\..\Drivers\3- HAL\02- KeyPad\Keypad_program.c -mthumb -mcpu=cortex-m3 -std=gnu11 -DSTM32F10X_MD -DUSE_STDPERIPH_DRIVER -I../src -I../Libraries/STM32F10x_StdPeriph_Driver/inc -I../Libraries/CMSIS/Device/ST/STM32F10x/Include -I../Libraries/CMSIS/Include -IC:\Users\20109\OneDrive\Documents\STM32\Drivers -O0 -ffunction-sections -fdata-sections -g -fstack-usage -Wall -specs=nano.specs -o Drivers\3- HAL\02- KeyPad\Keypad_program.o 
arm-atollic-eabi-gcc -c ..\..\..\Drivers\3- HAL\03- Char LCD\LCD_program.c -mthumb -mcpu=cortex-m3 -std=gnu11 -DSTM32F10X_MD -DUSE_STDPERIPH_DRIVER -I../src -I../Libraries/STM32F10x_StdPeriph_Driver/inc -I../Libraries/CMSIS/Device/ST/STM32F10x/Include -I../Libraries/CMSIS/Include -IC:\Users\20109\OneDrive\Documents\STM32\Drivers -O0 -ffunction-sections -fdata-sections -g -fstack-usage -Wall -specs=nano.specs -o Drivers\3- HAL\03- Char LCD\LCD_program.o 
arm-atollic-eabi-gcc -c ..\Libraries\STM32F10x_StdPeriph_Driver\src\stm32f10x_fsmc.c -mthumb -mcpu=cortex-m3 -std=gnu11 -DSTM32F10X_MD -DUSE_STDPERIPH_DRIVER -I../src -I../Libraries/STM32F10x_StdPeriph_Driver/inc -I../Libraries/CMSIS/Device/ST/STM32F10x/Include -I../Libraries/CMSIS/Include -IC:\Users\20109\OneDrive\Documents\STM32\Drivers -O0 -ffunction-sections -fdata-sections -g -fstack-usage -Wall -specs=nano.specs -o Libraries\STM32F10x_StdPeriph_Driver\src\stm32f10x_fsmc.o 
arm-atollic-eabi-gcc -c ..\Libraries\STM32F10x_StdPeriph_Driver\src\stm32f10x_can.c -mthumb -mcpu=cortex-m3 -std=gnu11 -DSTM32F10X_MD -DUSE_STDPERIPH_DRIVER -I../src -I../Libraries/STM32F10x_StdPeriph_Driver/inc -I../Libraries/CMSIS/Device/ST/STM32F10x/Include -I../Libraries/CMSIS/Include -IC:\Users\20109\OneDrive\Documents\STM32\Drivers -O0 -ffunction-sections -fdata-sections -g -fstack-usage -Wall -specs=nano.specs -o Libraries\STM32F10x_StdPeriph_Driver\src\stm32f10x_can.o 
arm-atollic-eabi-gcc -c ..\Libraries\STM32F10x_StdPeriph_Driver\src\stm32f10x_pwr.c -mthumb -mcpu=cortex-m3 -std=gnu11 -DSTM32F10X_MD -DUSE_STDPERIPH_DRIVER -I../src -I../Libraries/STM32F10x_StdPeriph_Driver/inc -I../Libraries/CMSIS/Device/ST/STM32F10x/Include -I../Libraries/CMSIS/Include -IC:\Users\20109\OneDrive\Documents\STM32\Drivers -O0 -ffunction-sections -fdata-sections -g -fstack-usage -Wall -specs=nano.specs -o Libraries\STM32F10x_StdPeriph_Driver\src\stm32f10x_pwr.o 
arm-atollic-eabi-gcc -c ..\Libraries\STM32F10x_StdPeriph_Driver\src\stm32f10x_bkp.c -mthumb -mcpu=cortex-m3 -std=gnu11 -DSTM32F10X_MD -DUSE_STDPERIPH_DRIVER -I../src -I../Libraries/STM32F10x_StdPeriph_Driver/inc -I../Libraries/CMSIS/Device/ST/STM32F10x/Include -I../Libraries/CMSIS/Include -IC:\Users\20109\OneDrive\Documents\STM32\Drivers -O0 -ffunction-sections -fdata-sections -g -fstack-usage -Wall -specs=nano.specs -o Libraries\STM32F10x_StdPeriph_Driver\src\stm32f10x_bkp.o 
arm-atollic-eabi-gcc -c ..\Libraries\STM32F10x_StdPeriph_Driver\src\misc.c -mthumb -mcpu=cortex-m3 -std=gnu11 -DSTM32F10X_MD -DUSE_STDPERIPH_DRIVER -I../src -I../Libraries/STM32F10x_StdPeriph_Driver/inc -I../Libraries/CMSIS/Device/ST/STM32F10x/Include -I../Libraries/CMSIS/Include -IC:\Users\20109\OneDrive\Documents\STM32\Drivers -O0 -ffunction-sections -fdata-sections -g -fstack-usage -Wall -specs=nano.specs -o Libraries\STM32F10x_StdPeriph_Driver\src\misc.o 
arm-atollic-eabi-gcc -c ..\src\tiny_printf.c -mthumb -mcpu=cortex-m3 -std=gnu11 -DSTM32F10X_MD -DUSE_STDPERIPH_DRIVER -I../src -I../Libraries/STM32F10x_StdPeriph_Driver/inc -I../Libraries/CMSIS/Device/ST/STM32F10x/Include -I../Libraries/CMSIS/Include -IC:\Users\20109\OneDrive\Documents\STM32\Drivers -O0 -ffunction-sections -fdata-sections -g -fstack-usage -Wall -specs=nano.specs -o src\tiny_printf.o 
arm-atollic-eabi-gcc -c ..\Libraries\STM32F10x_StdPeriph_Driver\src\stm32f10x_dma.c -mthumb -mcpu=cortex-m3 -std=gnu11 -DSTM32F10X_MD -DUSE_STDPERIPH_DRIVER -I../src -I../Libraries/STM32F10x_StdPeriph_Driver/inc -I../Libraries/CMSIS/Device/ST/STM32F10x/Include -I../Libraries/CMSIS/Include -IC:\Users\20109\OneDrive\Documents\STM32\Drivers -O0 -ffunction-sections -fdata-sections -g -fstack-usage -Wall -specs=nano.specs -o Libraries\STM32F10x_StdPeriph_Driver\src\stm32f10x_dma.o 
arm-atollic-eabi-gcc -c ..\Libraries\STM32F10x_StdPeriph_Driver\src\stm32f10x_crc.c -mthumb -mcpu=cortex-m3 -std=gnu11 -DSTM32F10X_MD -DUSE_STDPERIPH_DRIVER -I../src -I../Libraries/STM32F10x_StdPeriph_Driver/inc -I../Libraries/CMSIS/Device/ST/STM32F10x/Include -I../Libraries/CMSIS/Include -IC:\Users\20109\OneDrive\Documents\STM32\Drivers -O0 -ffunction-sections -fdata-sections -g -fstack-usage -Wall -specs=nano.specs -o Libraries\STM32F10x_StdPeriph_Driver\src\stm32f10x_crc.o 
arm-atollic-eabi-gcc -c ..\..\..\Drivers\2- MCAL\ST\03- BKP\BKP_program.c -mthumb -mcpu=cortex-m3 -std=gnu11 -DSTM32F10X_MD -DUSE_STDPERIPH_DRIVER -I../src -I../Libraries/STM32F10x_StdPeriph_Driver/inc -I../Libraries/CMSIS/Device/ST/STM32F10x/Include -I../Libraries/CMSIS/Include -IC:\Users\20109\OneDrive\Documents\STM32\Drivers -O0 -ffunction-sections -fdata-sections -g -fstack-usage -Wall -specs=nano.specs -o Drivers\2- MCAL\ST\03- BKP\BKP_program.o 
arm-atollic-eabi-gcc -c ..\Libraries\STM32F10x_StdPeriph_Driver\src\stm32f10x_rcc.c -mthumb -mcpu=cortex-m3 -std=gnu11 -DSTM32F10X_MD -DUSE_STDPERIPH_DRIVER -I../src -I../Libraries/STM32F10x_StdPeriph_Driver/inc -I../Libraries/CMSIS/Device/ST/STM32F10x/Include -I../Libraries/CMSIS/Include -IC:\Users\20109\OneDrive\Documents\STM32\Drivers -O0 -ffunction-sections -fdata-sections -g -fstack-usage -Wall -specs=nano.specs -o Libraries\STM32F10x_StdPeriph_Driver\src\stm32f10x_rcc.o 
arm-atollic-eabi-gcc -c ..\src\main.c -mthumb -mcpu=cortex-m3 -std=gnu11 -DSTM32F10X_MD -DUSE_STDPERIPH_DRIVER -I../src -I../Libraries/STM32F10x_StdPeriph_Driver/inc -I../Libraries/CMSIS/Device/ST/STM32F10x/Include -I../Libraries/CMSIS/Include -IC:\Users\20109\OneDrive\Documents\STM32\Drivers -O0 -ffunction-sections -fdata-sections -g -fstack-usage -Wall -specs=nano.specs -o src\main.o 
arm-atollic-eabi-gcc -c ..\..\..\Drivers\2- MCAL\ARM _CORTEX_M3\02- SCB\SCB_program.c -mthumb -mcpu=cortex-m3 -std=gnu11 -DSTM32F10X_MD -DUSE_STDPERIPH_DRIVER -I../src -I../Libraries/STM32F10x_StdPeriph_Driver/inc -I../Libraries/CMSIS/Device/ST/STM32F10x/Include -I../Libraries/CMSIS/Include -IC:\Users\20109\OneDrive\Documents\STM32\Drivers -O0 -ffunction-sections -fdata-sections -g -fstack-usage -Wall -specs=nano.specs -o Drivers\2- MCAL\ARM _CORTEX_M3\02- SCB\SCB_program.o 
arm-atollic-eabi-gcc -c ..\Libraries\STM32F10x_StdPeriph_Driver\src\stm32f10x_spi.c -mthumb -mcpu=cortex-m3 -std=gnu11 -DSTM32F10X_MD -DUSE_STDPERIPH_DRIVER -I../src -I../Libraries/STM32F10x_StdPeriph_Driver/inc -I../Libraries/CMSIS/Device/ST/STM32F10x/Include -I../Libraries/CMSIS/Include -IC:\Users\20109\OneDrive\Documents\STM32\Drivers -O0 -ffunction-sections -fdata-sections -g -fstack-usage -Wall -specs=nano.specs -o Libraries\STM32F10x_StdPeriph_Driver\src\stm32f10x_spi.o 
arm-atollic-eabi-gcc -c ..\Libraries\STM32F10x_StdPeriph_Driver\src\stm32f10x_sdio.c -mthumb -mcpu=cortex-m3 -std=gnu11 -DSTM32F10X_MD -DUSE_STDPERIPH_DRIVER -I../src -I../Libraries/STM32F10x_StdPeriph_Driver/inc -I../Libraries/CMSIS/Device/ST/STM32F10x/Include -I../Libraries/CMSIS/Include -IC:\Users\20109\OneDrive\Documents\STM32\Drivers -O0 -ffunction-sections -fdata-sections -g -fstack-usage -Wall -specs=nano.specs -o Libraries\STM32F10x_StdPeriph_Driver\src\stm32f10x_sdio.o 
arm-atollic-eabi-gcc -o LinkingTest.elf Drivers\2- MCAL\ARM _CORTEX_M3\01- NVIC\NVIC_program.o Drivers\2- MCAL\ARM _CORTEX_M3\02- SCB\SCB_program.o Drivers\2- MCAL\ARM _CORTEX_M3\03- STK\STK_program.o Drivers\2- MCAL\ST\01- CRC\CRC_program.o Drivers\2- MCAL\ST\02- PWR\PWR_program.o Drivers\2- MCAL\ST\03- BKP\BKP_program.o Drivers\2- MCAL\ST\04- RCC\RCC_program.o Drivers\2- MCAL\ST\05- GPIO\GPIO_program.o Drivers\2- MCAL\ST\06- AFIO\AFIO_program.o Drivers\2- MCAL\ST\07- EXTI\EXTI_program.o Drivers\2- MCAL\ST\08- ADC\ADC_program.o Drivers\2- MCAL\ST\09- DMA\DMA_program.o Drivers\2- MCAL\ST\10- ADVANCED TIMERS (1,8)\ADVANCED_TIMERS_program.o Drivers\3- HAL\01- SevenSegment\SevenSegment_program.o Drivers\3- HAL\02- KeyPad\Keypad_program.o Drivers\3- HAL\03- Char LCD\LCD_program.o Libraries\STM32F10x_StdPeriph_Driver\src\misc.o Libraries\STM32F10x_StdPeriph_Driver\src\stm32f10x_adc.o Libraries\STM32F10x_StdPeriph_Driver\src\stm32f10x_bkp.o Libraries\STM32F10x_StdPeriph_Driver\src\stm32f10x_can.o Libraries\STM32F10x_StdPeriph_Driver\src\stm32f10x_cec.o Libraries\STM32F10x_StdPeriph_Driver\src\stm32f10x_crc.o Libraries\STM32F10x_StdPeriph_Driver\src\stm32f10x_dac.o Libraries\STM32F10x_StdPeriph_Driver\src\stm32f10x_dbgmcu.o Libraries\STM32F10x_StdPeriph_Driver\src\stm32f10x_dma.o Libraries\STM32F10x_StdPeriph_Driver\src\stm32f10x_exti.o Libraries\STM32F10x_StdPeriph_Driver\src\stm32f10x_flash.o Libraries\STM32F10x_StdPeriph_Driver\src\stm32f10x_fsmc.o Libraries\STM32F10x_StdPeriph_Driver\src\stm32f10x_gpio.o Libraries\STM32F10x_StdPeriph_Driver\src\stm32f10x_i2c.o Libraries\STM32F10x_StdPeriph_Driver\src\stm32f10x_iwdg.o Libraries\STM32F10x_StdPeriph_Driver\src\stm32f10x_pwr.o Libraries\STM32F10x_StdPeriph_Driver\src\stm32f10x_rcc.o Libraries\STM32F10x_StdPeriph_Driver\src\stm32f10x_rtc.o Libraries\STM32F10x_StdPeriph_Driver\src\stm32f10x_sdio.o Libraries\STM32F10x_StdPeriph_Driver\src\stm32f10x_spi.o Libraries\STM32F10x_StdPeriph_Driver\src\stm32f10x_tim.o Libraries\STM32F10x_StdPeriph_Driver\src\stm32f10x_usart.o Libraries\STM32F10x_StdPeriph_Driver\src\stm32f10x_wwdg.o src\main.o src\startup_stm32f10x_md.o src\stm32f1xx_it.o src\system_stm32f10x.o src\tiny_printf.o -mthumb -mcpu=cortex-m3 -T../stm32_flash.ld -specs=nosys.specs -static -Wl,-cref,-u,Reset_Handler -Wl,-Map=LinkingTest.map -Wl,--gc-sections -Wl,--defsym=malloc_getpagesize_P=0x80 -Wl,--start-group -lc -lm -Wl,--end-group -specs=nano.specs 
C:\Program Files (x86)\Atollic\TrueSTUDIO for STM32 9.3.0\ide\jre\bin\java -jar C:\Program Files (x86)\Atollic\TrueSTUDIO for STM32 9.3.0\Tools\arm-atollic-reports.jar sizeinfo list LinkingTest.elf 
Generate build reports...
Print size information
   text	   data	    bss	    dec	    hex	filename
   3168	     16	    500	   3684	    e64	LinkingTest.elf
Print size information done
Generate listing file
Output sent to: LinkingTest.list
Generate listing file done
Generate build reports done
